Archive member included to satisfy reference by file (symbol)

/home/wzdsch/.local/share/stm32cube/bundles/gnu-tools-for-stm32/13.3.1+st.9/bin/../lib/gcc/arm-none-eabi/13.3.1/../../../../arm-none-eabi/lib/thumb/v7e-m+fp/hard/libstdc++_nano.a(atexit_arm.o)
                              CMakeFiles/leg.dir/Components/src/usr_main.cpp.obj (__aeabi_atexit)
/home/wzdsch/.local/share/stm32cube/bundles/gnu-tools-for-stm32/13.3.1+st.9/bin/../lib/gcc/arm-none-eabi/13.3.1/../../../../arm-none-eabi/lib/thumb/v7e-m+fp/hard/libstdc++_nano.a(functional.o)
                              CMakeFiles/leg.dir/Components/src/bsp_can.cpp.obj (std::__throw_bad_function_call())
/home/wzdsch/.local/share/stm32cube/bundles/gnu-tools-for-stm32/13.3.1+st.9/bin/../lib/gcc/arm-none-eabi/13.3.1/../../../../arm-none-eabi/lib/thumb/v7e-m+fp/hard/libstdc++_nano.a(del_op.o)
                              /home/wzdsch/.local/share/stm32cube/bundles/gnu-tools-for-stm32/13.3.1+st.9/bin/../lib/gcc/arm-none-eabi/13.3.1/../../../../arm-none-eabi/lib/thumb/v7e-m+fp/hard/libstdc++_nano.a(functional.o) (operator delete(void*))
/home/wzdsch/.local/share/stm32cube/bundles/gnu-tools-for-stm32/13.3.1+st.9/bin/../lib/gcc/arm-none-eabi/13.3.1/../../../../arm-none-eabi/lib/thumb/v7e-m+fp/hard/libstdc++_nano.a(eh_exception.o)
                              /home/wzdsch/.local/share/stm32cube/bundles/gnu-tools-for-stm32/13.3.1+st.9/bin/../lib/gcc/arm-none-eabi/13.3.1/../../../../arm-none-eabi/lib/thumb/v7e-m+fp/hard/libstdc++_nano.a(functional.o) (std::exception::~exception())
/home/wzdsch/.local/share/stm32cube/bundles/gnu-tools-for-stm32/13.3.1+st.9/bin/../lib/gcc/arm-none-eabi/13.3.1/../../../../arm-none-eabi/lib/thumb/v7e-m+fp/hard/libstdc++_nano.a(si_class_type_info.o)
                              /home/wzdsch/.local/share/stm32cube/bundles/gnu-tools-for-stm32/13.3.1+st.9/bin/../lib/gcc/arm-none-eabi/13.3.1/../../../../arm-none-eabi/lib/thumb/v7e-m+fp/hard/libstdc++_nano.a(functional.o) (vtable for __cxxabiv1::__si_class_type_info)
/home/wzdsch/.local/share/stm32cube/bundles/gnu-tools-for-stm32/13.3.1+st.9/bin/../lib/gcc/arm-none-eabi/13.3.1/../../../../arm-none-eabi/lib/thumb/v7e-m+fp/hard/libstdc++_nano.a(tinfo.o)
                              /home/wzdsch/.local/share/stm32cube/bundles/gnu-tools-for-stm32/13.3.1+st.9/bin/../lib/gcc/arm-none-eabi/13.3.1/../../../../arm-none-eabi/lib/thumb/v7e-m+fp/hard/libstdc++_nano.a(si_class_type_info.o) (std::type_info::__is_pointer_p() const)
/home/wzdsch/.local/share/stm32cube/bundles/gnu-tools-for-stm32/13.3.1+st.9/bin/../lib/gcc/arm-none-eabi/13.3.1/../../../../arm-none-eabi/lib/thumb/v7e-m+fp/hard/libstdc++_nano.a(class_type_info.o)
                              /home/wzdsch/.local/share/stm32cube/bundles/gnu-tools-for-stm32/13.3.1+st.9/bin/../lib/gcc/arm-none-eabi/13.3.1/../../../../arm-none-eabi/lib/thumb/v7e-m+fp/hard/libstdc++_nano.a(si_class_type_info.o) (__cxxabiv1::__class_type_info::__do_upcast(__cxxabiv1::__class_type_info const*, void**) const)
/home/wzdsch/.local/share/stm32cube/bundles/gnu-tools-for-stm32/13.3.1+st.9/bin/../lib/gcc/arm-none-eabi/13.3.1/../../../../arm-none-eabi/lib/thumb/v7e-m+fp/hard/libstdc++_nano.a(del_ops.o)
                              /home/wzdsch/.local/share/stm32cube/bundles/gnu-tools-for-stm32/13.3.1+st.9/bin/../lib/gcc/arm-none-eabi/13.3.1/../../../../arm-none-eabi/lib/thumb/v7e-m+fp/hard/libstdc++_nano.a(eh_exception.o) (operator delete(void*, unsigned int))
/home/wzdsch/.local/share/stm32cube/bundles/gnu-tools-for-stm32/13.3.1+st.9/bin/../lib/gcc/arm-none-eabi/13.3.1/thumb/v7e-m+fp/hard/libgcc.a(_aeabi_uldivmod.o)
                              cmake/stm32cubemx/CMakeFiles/STM32_Drivers.dir/__/__/Drivers/STM32F4xx_HAL_Driver/Src/stm32f4xx_hal_rcc.c.obj (__aeabi_uldivmod)
/home/wzdsch/.local/share/stm32cube/bundles/gnu-tools-for-stm32/13.3.1+st.9/bin/../lib/gcc/arm-none-eabi/13.3.1/thumb/v7e-m+fp/hard/libgcc.a(_udivmoddi4.o)
                              /home/wzdsch/.local/share/stm32cube/bundles/gnu-tools-for-stm32/13.3.1+st.9/bin/../lib/gcc/arm-none-eabi/13.3.1/thumb/v7e-m+fp/hard/libgcc.a(_aeabi_uldivmod.o) (__udivmoddi4)
/home/wzdsch/.local/share/stm32cube/bundles/gnu-tools-for-stm32/13.3.1+st.9/bin/../lib/gcc/arm-none-eabi/13.3.1/thumb/v7e-m+fp/hard/libgcc.a(_dvmd_tls.o)
                              /home/wzdsch/.local/share/stm32cube/bundles/gnu-tools-for-stm32/13.3.1+st.9/bin/../lib/gcc/arm-none-eabi/13.3.1/thumb/v7e-m+fp/hard/libgcc.a(_aeabi_uldivmod.o) (__aeabi_ldiv0)
/home/wzdsch/.local/share/stm32cube/bundles/gnu-tools-for-stm32/13.3.1+st.9/bin/../lib/gcc/arm-none-eabi/13.3.1/../../../../arm-none-eabi/lib/thumb/v7e-m+fp/hard/libg_nano.a(libc_a-abort.o)
                              /home/wzdsch/.local/share/stm32cube/bundles/gnu-tools-for-stm32/13.3.1+st.9/bin/../lib/gcc/arm-none-eabi/13.3.1/../../../../arm-none-eabi/lib/thumb/v7e-m+fp/hard/libstdc++_nano.a(functional.o) (abort)
[...]
Memory Configuration

Name             Origin             Length             Attributes
RAM              0x20000000         0x00020000         xrw
CCMRAM           0x10000000         0x00010000         xrw
FLASH            0x08000000         0x00100000         xr
*default*        0x00000000         0xffffffff

Linker script and memory map

LOAD /home/wzdsch/.local/share/stm32cube/bundles/gnu-tools-for-stm32/13.3.1+st.9/bin/../lib/gcc/arm-none-eabi/13.3.1/thumb/v7e-m+fp/hard/crti.o
LOAD /home/wzdsch/.local/share/stm32cube/bundles/gnu-tools-for-stm32/13.3.1+st.9/bin/../lib/gcc/arm-none-eabi/13.3.1/thumb/v7e-m+fp/hard/crtbegin.o
LOAD /home/wzdsch/.local/share/stm32cube/bundles/gnu-tools-for-stm32/13.3.1+st.9/bin/../lib/gcc/arm-none-eabi/13.3.1/../../../../arm-none-eabi/lib/thumb/v7e-m+fp/hard/crt0.o
LOAD cmake/stm32cubemx/CMakeFiles/STM32_Drivers.dir/__/__/Core/Src/system_stm32f4xx.c.obj
LOAD cmake/stm32cubemx/CMakeFiles/STM32_Drivers.dir/__/__/Drivers/STM32F4xx_HAL_Driver/Src/stm32f4xx_hal_can.c.obj
LOAD cmake/stm32cubemx/CMakeFiles/STM32_Drivers.dir/__/__/Drivers/STM32F4xx_HAL_Driver/Src/stm32f4xx_hal_rcc.c.obj
LOAD cmake/stm32cubemx/CMakeFiles/STM32_Drivers.dir/__/__/Drivers/STM32F4xx_HAL_Driver/Src/stm32f4xx_hal_rcc_ex.c.obj
LOAD cmake/stm32cubemx/CMakeFiles/STM32_Drivers.dir/__/__/Drivers/STM32F4xx_HAL_Driver/Src/stm32f4xx_hal_flash.c.obj
LOAD cmake/stm32cubemx/CMakeFiles/STM32_Drivers.dir/__/__/Drivers/STM32F4xx_HAL_Driver/Src/stm32f4xx_hal_flash_ex.c.obj
LOAD cmake/stm32cubemx/CMakeFiles/STM32_Drivers.dir/__/__/Drivers/STM32F4xx_HAL_Driver/Src/stm32f4xx_hal_flash_ramfunc.c.obj
LOAD cmake/stm32cubemx/CMakeFiles/STM32_Drivers.dir/__/__/Drivers/STM32F4xx_HAL_Driver/Src/stm32f4xx_hal_gpio.c.obj
LOAD cmake/stm32cubemx/CMakeFiles/STM32_Drivers.dir/__/__/Drivers/STM32F4xx_HAL_Driver/Src/stm32f4xx_hal_dma_ex.c.obj
LOAD cmake/stm32cubemx/CMakeFiles/STM32_Drivers.dir/__/__/Drivers/STM32F4xx_HAL_Driver/Src/stm32f4xx_hal_dma.c.obj
LOAD cmake/stm32cubemx/CMakeFiles/STM32_Drivers.dir/__/__/Drivers/STM32F4xx_HAL_Driver/Src/stm32f4xx_hal_pwr.c.obj
LOAD cmake/stm32cubemx/CMakeFiles/STM32_Drivers.dir/__/__/Drivers/STM32F4xx_HAL_Driver/Src/stm32f4xx_hal_pwr_ex.c.obj
LOAD cmake/stm32cubemx/CMakeFiles/STM32_Drivers.dir/__/__/Drivers/STM32F4xx_HAL_Driver/Src/stm32f4xx_hal_cortex.c.obj
LOAD cmake/stm32cubemx/CMakeFiles/STM32_Drivers.dir/__/__/Drivers/STM32F4xx_HAL_Driver/Src/stm32f4xx_hal.c.obj
LOAD cmake/stm32cubemx/CMakeFiles/STM32_Drivers.dir/__/__/Drivers/STM32F4xx_HAL_Driver/Src/stm32f4xx_hal_exti.c.obj
LOAD cmake/stm32cubemx/CMakeFiles/STM32_Drivers.dir/__/__/Drivers/STM32F4xx_HAL_Driver/Src/stm32f4xx_hal_tim.c.obj
LOAD cmake/stm32cubemx/CMakeFiles/STM32_Drivers.dir/__/__/Drivers/STM32F4xx_HAL_Driver/Src/stm32f4xx_hal_tim_ex.c.obj
LOAD CMakeFiles/leg.dir/Core/Src/main.c.obj
LOAD CMakeFiles/leg.dir/Core/Src/gpio.c.obj
LOAD CMakeFiles/leg.dir/Core/Src/can.c.obj
LOAD CMakeFiles/leg.dir/Core/Src/tim.c.obj
LOAD CMakeFiles/leg.dir/Core/Src/stm32f4xx_it.c.obj
LOAD CMakeFiles/leg.dir/Core/Src/stm32f4xx_hal_msp.c.obj
LOAD CMakeFiles/leg.dir/Core/Src/sysmem.c.obj
LOAD CMakeFiles/leg.dir/Core/Src/syscalls.c.obj
LOAD CMakeFiles/leg.dir/startup_stm32f407xx.s.obj
LOAD CMakeFiles/leg.dir/Components/src/usr_main.cpp.obj
LOAD CMakeFiles/leg.dir/Components/src/bsp_can.cpp.obj
LOAD /home/wzdsch/.local/share/stm32cube/bundles/gnu-tools-for-stm32/13.3.1+st.9/bin/../lib/gcc/arm-none-eabi/13.3.1/../../../../arm-none-eabi/lib/thumb/v7e-m+fp/hard/libstdc++_nano.a
LOAD /home/wzdsch/.local/share/stm32cube/bundles/gnu-tools-for-stm32/13.3.1+st.9/bin/../lib/gcc/arm-none-eabi/13.3.1/../../../../arm-none-eabi/lib/thumb/v7e-m+fp/hard/libm.a
START GROUP
LOAD /home/wzdsch/.local/share/stm32cube/bundles/gnu-tools-for-stm32/13.3.1+st.9/bin/../lib/gcc/arm-none-eabi/13.3.1/thumb/v7e-m+fp/hard/libgcc.a
LOAD /home/wzdsch/.local/share/stm32cube/bundles/gnu-tools-for-stm32/13.3.1+st.9/bin/../lib/gcc/arm-none-eabi/13.3.1/../../../../arm-none-eabi/lib/thumb/v7e-m+fp/hard/libg_nano.a
LOAD /home/wzdsch/.local/share/stm32cube/bundles/gnu-tools-for-stm32/13.3.1+st.9/bin/../lib/gcc/arm-none-eabi/13.3.1/../../../../arm-none-eabi/lib/thumb/v7e-m+fp/hard/libc_nano.a
END GROUP
START GROUP
LOAD /home/wzdsch/.local/share/stm32cube/bundles/gnu-tools-for-stm32/13.3.1+st.9/bin/../lib/gcc/arm-none-eabi/13.3.1/thumb/v7e-m+fp/hard/libgcc.a
LOAD /home/wzdsch/.local/share/stm32cube/bundles/gnu-tools-for-stm32/13.3.1+st.9/bin/../lib/gcc/arm-none-eabi/13.3.1/../../../../arm-none-eabi/lib/thumb/v7e-m+fp/hard/libc_nano.a
END GROUP
LOAD /home/wzdsch/.local/share/stm32cube/bundles/gnu-tools-for-stm32/13.3.1+st.9/bin/../lib/gcc/arm-none-eabi/13.3.1/thumb/v7e-m+fp/hard/crtend.o
LOAD /home/wzdsch/.local/share/stm32cube/bundles/gnu-tools-for-stm32/13.3.1+st.9/bin/../lib/gcc/arm-none-eabi/13.3.1/thumb/v7e-m+fp/hard/crtn.o
                0x20020000                        _estack = (ORIGIN (RAM) + LENGTH (RAM))
                0x00000200                        _Min_Heap_Size = 0x200
                0x00000400                        _Min_Stack_Size = 0x400

.isr_vector     0x08000000      0x188
                0x08000000                        . = ALIGN (0x4)
 *(.isr_vector)
 .isr_vector    0x08000000      0x188 CMakeFiles/leg.dir/startup_stm32f407xx.s.obj
                0x08000000                g_pfnVectors
                0x08000188                        . = ALIGN (0x4)

.text           0x08000188     0x3000
                0x08000188                        . = ALIGN (0x4)
 *(.text)
 .text          0x08000188       0x40 /home/wzdsch/.local/share/stm32cube/bundles/gnu-tools-for-stm32/13.3.1+st.9/bin/../lib/gcc/arm-none-eabi/13.3.1/thumb/v7e-m+fp/hard/crtbegin.o
 .text          0x080001c8       0x30 /home/wzdsch/.local/share/stm32cube/bundles/gnu-tools-for-stm32/13.3.1+st.9/bin/../lib/gcc/arm-none-eabi/13.3.1/thumb/v7e-m+fp/hard/libgcc.a(_aeabi_uldivmod.o)
                0x080001c8                __aeabi_uldivmod
 .text          0x080001f8      0x2f8 /home/wzdsch/.local/share/stm32cube/bundles/gnu-tools-for-stm32/13.3.1+st.9/bin/../lib/gcc/arm-none-eabi/13.3.1/thumb/v7e-m+fp/hard/libgcc.a(_udivmoddi4.o)
                0x080001f8                __udivmoddi4
 .text          0x080004f0        0x4 /home/wzdsch/.local/share/stm32cube/bundles/gnu-tools-for-stm32/13.3.1+st.9/bin/../lib/gcc/arm-none-eabi/13.3.1/thumb/v7e-m+fp/hard/libgcc.a(_dvmd_tls.o)
                0x080004f0                __aeabi_ldiv0
                0x080004f0                __aeabi_idiv0
 *(.text*)
 .text.SystemInit
                0x080004f4       0x24 cmake/stm32cubemx/CMakeFiles/STM32_Drivers.dir/__/__/Core/Src/system_stm32f4xx.c.obj
                0x080004f4                SystemInit
 .text.HAL_CAN_Init
                0x08000518      0x1f6 cmake/stm32cubemx/CMakeFiles/STM32_Drivers.dir/__/__/Drivers/STM32F4xx_HAL_Driver/Src/stm32f4xx_hal_can.c.obj
                0x08000518                HAL_CAN_Init
 *fill*         0x0800070e        0x2 
 .text.HAL_CAN_ConfigFilter
                0x08000710      0x1bc cmake/stm32cubemx/CMakeFiles/STM32_Drivers.dir/__/__/Drivers/STM32F4xx_HAL_Driver/Src/stm32f4xx_hal_can.c.obj
                0x08000710                HAL_CAN_ConfigFilter
 .text.HAL_CAN_Start
                0x080008cc       0x88 cmake/stm32cubemx/CMakeFiles/STM32_Drivers.dir/__/__/Drivers/STM32F4xx_HAL_Driver/Src/stm32f4xx_hal_can.c.obj
                0x080008cc                HAL_CAN_Start
 .text.HAL_CAN_GetRxMessage
                0x08000954      0x244 cmake/stm32cubemx/CMakeFiles/STM32_Drivers.dir/__/__/Drivers/STM32F4xx_HAL_Driver/Src/stm32f4xx_hal_can.c.obj
                0x08000954                HAL_CAN_GetRxMessage
 .text.HAL_CAN_ActivateNotification
                0x08000b98       0x4c cmake/stm32cubemx/CMakeFiles/STM32_Drivers.dir/__/__/Drivers/STM32F4xx_HAL_Driver/Src/stm32f4xx_hal_can.c.obj
                0x08000b98                HAL_CAN_ActivateNotification
 .text.HAL_CAN_IRQHandler
                0x08000be4      0x36e cmake/stm32cubemx/CMakeFiles/STM32_Drivers.dir/__/__/Drivers/STM32F4xx_HAL_Driver/Src/stm32f4xx_hal_can.c.obj
                0x08000be4                HAL_CAN_IRQHandler
 .text.HAL_CAN_TxMailbox0CompleteCallback
                0x08000f52       0x14 cmake/stm32cubemx/CMakeFiles/STM32_Drivers.dir/__/__/Drivers/STM32F4xx_HAL_Driver/Src/stm32f4xx_hal_can.c.obj
                0x08000f52                HAL_CAN_TxMailbox0CompleteCallback
 .text.HAL_CAN_TxMailbox1CompleteCallback
                0x08000f66       0x14 cmake/stm32cubemx/CMakeFiles/STM32_Drivers.dir/__/__/Drivers/STM32F4xx_HAL_Driver/Src/stm32f4xx_hal_can.c.obj
                0x08000f66                HAL_CAN_TxMailbox1CompleteCallback
 .text.HAL_CAN_TxMailbox2CompleteCallback
                0x08000f7a       0x14 cmake/stm32cubemx/CMakeFiles/STM32_Drivers.dir/__/__/Drivers/STM32F4xx_HAL_Driver/Src/stm32f4xx_hal_can.c.obj
                0x08000f7a                HAL_CAN_TxMailbox2CompleteCallback
 .text.HAL_CAN_TxMailbox0AbortCallback
                0x08000f8e       0x14 cmake/stm32cubemx/CMakeFiles/STM32_Drivers.dir/__/__/Drivers/STM32F4xx_HAL_Driver/Src/stm32f4xx_hal_can.c.obj
                0x08000f8e                HAL_CAN_TxMailbox0AbortCallback
 .text.HAL_CAN_TxMailbox1AbortCallback
                0x08000fa2       0x14 cmake/stm32cubemx/CMakeFiles/STM32_Drivers.dir/__/__/Drivers/STM32F4xx_HAL_Driver/Src/stm32f4xx_hal_can.c.obj
                0x08000fa2                HAL_CAN_TxMailbox1AbortCallback
 .text.HAL_CAN_TxMailbox2AbortCallback
                0x08000fb6       0x14 cmake/stm32cubemx/CMakeFiles/STM32_Drivers.dir/__/__/Drivers/STM32F4xx_HAL_Driver/Src/stm32f4xx_hal_can.c.obj
                0x08000fb6                HAL_CAN_TxMailbox2AbortCallback
 .text.HAL_CAN_RxFifo0FullCallback
                0x08000fca       0x14 cmake/stm32cubemx/CMakeFiles/STM32_Drivers.dir/__/__/Drivers/STM32F4xx_HAL_Driver/Src/stm32f4xx_hal_can.c.obj
                0x08000fca                HAL_CAN_RxFifo0FullCallback
 .text.HAL_CAN_RxFifo1FullCallback
                0x08000fde       0x14 cmake/stm32cubemx/CMakeFiles/STM32_Drivers.dir/__/__/Drivers/STM32F4xx_HAL_Driver/Src/stm32f4xx_hal_can.c.obj
                0x08000fde                HAL_CAN_RxFifo1FullCallback
 .text.HAL_CAN_SleepCallback
                0x08000ff2       0x14 cmake/stm32cubemx/CMakeFiles/STM32_Drivers.dir/__/__/Drivers/STM32F4xx_HAL_Driver/Src/stm32f4xx_hal_can.c.obj
                0x08000ff2                HAL_CAN_SleepCallback
 .text.HAL_CAN_WakeUpFromRxMsgCallback
                0x08001006       0x14 cmake/stm32cubemx/CMakeFiles/STM32_Drivers.dir/__/__/Drivers/STM32F4xx_HAL_Driver/Src/stm32f4xx_hal_can.c.obj
                0x08001006                HAL_CAN_WakeUpFromRxMsgCallback
 .text.HAL_CAN_ErrorCallback
                0x0800101a       0x14 cmake/stm32cubemx/CMakeFiles/STM32_Drivers.dir/__/__/Drivers/STM32F4xx_HAL_Driver/Src/stm32f4xx_hal_can.c.obj
                0x0800101a                HAL_CAN_ErrorCallback
 *fill*         0x0800102e        0x2 
 .text.HAL_RCC_OscConfig
                0x08001030      0x4f0 cmake/stm32cubemx/CMakeFiles/STM32_Drivers.dir/__/__/Drivers/STM32F4xx_HAL_Driver/Src/stm32f4xx_hal_rcc.c.obj
                0x08001030                HAL_RCC_OscConfig
 .text.HAL_RCC_ClockConfig
                0x08001520      0x1cc cmake/stm32cubemx/CMakeFiles/STM32_Drivers.dir/__/__/Drivers/STM32F4xx_HAL_Driver/Src/stm32f4xx_hal_rcc.c.obj
                0x08001520                HAL_RCC_ClockConfig
 .text.HAL_RCC_GetSysClockFreq
                0x080016ec      0x18c cmake/stm32cubemx/CMakeFiles/STM32_Drivers.dir/__/__/Drivers/STM32F4xx_HAL_Driver/Src/stm32f4xx_hal_rcc.c.obj
                0x080016ec                HAL_RCC_GetSysClockFreq
 .text.HAL_GPIO_Init
                0x08001878      0x338 cmake/stm32cubemx/CMakeFiles/STM32_Drivers.dir/__/__/Drivers/STM32F4xx_HAL_Driver/Src/stm32f4xx_hal_gpio.c.obj
                0x08001878                HAL_GPIO_Init
 .text.__NVIC_SetPriorityGrouping
                0x08001bb0       0x48 cmake/stm32cubemx/CMakeFiles/STM32_Drivers.dir/__/__/Drivers/STM32F4xx_HAL_Driver/Src/stm32f4xx_hal_cortex.c.obj
 .text.__NVIC_GetPriorityGrouping
                0x08001bf8       0x1c cmake/stm32cubemx/CMakeFiles/STM32_Drivers.dir/__/__/Drivers/STM32F4xx_HAL_Driver/Src/stm32f4xx_hal_cortex.c.obj
 .text.__NVIC_EnableIRQ
                0x08001c14       0x3c cmake/stm32cubemx/CMakeFiles/STM32_Drivers.dir/__/__/Drivers/STM32F4xx_HAL_Driver/Src/stm32f4xx_hal_cortex.c.obj
 .text.__NVIC_SetPriority
                0x08001c50       0x54 cmake/stm32cubemx/CMakeFiles/STM32_Drivers.dir/__/__/Drivers/STM32F4xx_HAL_Driver/Src/stm32f4xx_hal_cortex.c.obj
 .text.NVIC_EncodePriority
                0x08001ca4       0x66 cmake/stm32cubemx/CMakeFiles/STM32_Drivers.dir/__/__/Drivers/STM32F4xx_HAL_Driver/Src/stm32f4xx_hal_cortex.c.obj
 *fill*         0x08001d0a        0x2 
 .text.SysTick_Config
                0x08001d0c       0x44 cmake/stm32cubemx/CMakeFiles/STM32_Drivers.dir/__/__/Drivers/STM32F4xx_HAL_Driver/Src/stm32f4xx_hal_cortex.c.obj
 .text.HAL_NVIC_SetPriorityGrouping
                0x08001d50       0x16 cmake/stm32cubemx/CMakeFiles/STM32_Drivers.dir/__/__/Drivers/STM32F4xx_HAL_Driver/Src/stm32f4xx_hal_cortex.c.obj
                0x08001d50                HAL_NVIC_SetPriorityGrouping
 .text.HAL_NVIC_SetPriority
                0x08001d66       0x38 cmake/stm32cubemx/CMakeFiles/STM32_Drivers.dir/__/__/Drivers/STM32F4xx_HAL_Driver/Src/stm32f4xx_hal_cortex.c.obj
                0x08001d66                HAL_NVIC_SetPriority
 .text.HAL_NVIC_EnableIRQ
                0x08001d9e       0x1c cmake/stm32cubemx/CMakeFiles/STM32_Drivers.dir/__/__/Drivers/STM32F4xx_HAL_Driver/Src/stm32f4xx_hal_cortex.c.obj
                0x08001d9e                HAL_NVIC_EnableIRQ
 .text.HAL_SYSTICK_Config
                0x08001dba       0x18 cmake/stm32cubemx/CMakeFiles/STM32_Drivers.dir/__/__/Drivers/STM32F4xx_HAL_Driver/Src/stm32f4xx_hal_cortex.c.obj
                0x08001dba                HAL_SYSTICK_Config
 *fill*         0x08001dd2        0x2 
 .text.HAL_Init
                0x08001dd4       0x44 cmake/stm32cubemx/CMakeFiles/STM32_Drivers.dir/__/__/Drivers/STM32F4xx_HAL_Driver/Src/stm32f4xx_hal.c.obj
                0x08001dd4                HAL_Init
 .text.HAL_InitTick
                0x08001e18       0x60 cmake/stm32cubemx/CMakeFiles/STM32_Drivers.dir/__/__/Drivers/STM32F4xx_HAL_Driver/Src/stm32f4xx_hal.c.obj
                0x08001e18                HAL_InitTick
 .text.HAL_IncTick
                0x08001e78       0x28 cmake/stm32cubemx/CMakeFiles/STM32_Drivers.dir/__/__/Drivers/STM32F4xx_HAL_Driver/Src/stm32f4xx_hal.c.obj
                0x08001e78                HAL_IncTick
 .text.HAL_GetTick
                0x08001ea0       0x18 cmake/stm32cubemx/CMakeFiles/STM32_Drivers.dir/__/__/Drivers/STM32F4xx_HAL_Driver/Src/stm32f4xx_hal.c.obj
                0x08001ea0                HAL_GetTick
 .text.HAL_TIM_Base_Init
                0x08001eb8       0x9e cmake/stm32cubemx/CMakeFiles/STM32_Drivers.dir/__/__/Drivers/STM32F4xx_HAL_Driver/Src/stm32f4xx_hal_tim.c.obj
                0x08001eb8                HAL_TIM_Base_Init
 .text.HAL_TIM_IRQHandler
                0x08001f56      0x1e0 cmake/stm32cubemx/CMakeFiles/STM32_Drivers.dir/__/__/Drivers/STM32F4xx_HAL_Driver/Src/stm32f4xx_hal_tim.c.obj
                0x08001f56                HAL_TIM_IRQHandler
 .text.HAL_TIM_PeriodElapsedCallback
                0x08002136       0x14 cmake/stm32cubemx/CMakeFiles/STM32_Drivers.dir/__/__/Drivers/STM32F4xx_HAL_Driver/Src/stm32f4xx_hal_tim.c.obj
                0x08002136                HAL_TIM_PeriodElapsedCallback
 .text.HAL_TIM_OC_DelayElapsedCallback
                0x0800214a       0x14 cmake/stm32cubemx/CMakeFiles/STM32_Drivers.dir/__/__/Drivers/STM32F4xx_HAL_Driver/Src/stm32f4xx_hal_tim.c.obj
                0x0800214a                HAL_TIM_OC_DelayElapsedCallback
 .text.HAL_TIM_IC_CaptureCallback
                0x0800215e       0x14 cmake/stm32cubemx/CMakeFiles/STM32_Drivers.dir/__/__/Drivers/STM32F4xx_HAL_Driver/Src/stm32f4xx_hal_tim.c.obj
                0x0800215e                HAL_TIM_IC_CaptureCallback
 .text.HAL_TIM_PWM_PulseFinishedCallback
                0x08002172       0x14 cmake/stm32cubemx/CMakeFiles/STM32_Drivers.dir/__/__/Drivers/STM32F4xx_HAL_Driver/Src/stm32f4xx_hal_tim.c.obj
                0x08002172                HAL_TIM_PWM_PulseFinishedCallback
 .text.HAL_TIM_TriggerCallback
                0x08002186       0x14 cmake/stm32cubemx/CMakeFiles/STM32_Drivers.dir/__/__/Drivers/STM32F4xx_HAL_Driver/Src/stm32f4xx_hal_tim.c.obj
                0x08002186                HAL_TIM_TriggerCallback
 *fill*         0x0800219a        0x2 
 .text.TIM_Base_SetConfig
                0x0800219c      0x14c cmake/stm32cubemx/CMakeFiles/STM32_Drivers.dir/__/__/Drivers/STM32F4xx_HAL_Driver/Src/stm32f4xx_hal_tim.c.obj
                0x0800219c                TIM_Base_SetConfig
 .text.HAL_TIMEx_CommutCallback
                0x080022e8       0x14 cmake/stm32cubemx/CMakeFiles/STM32_Drivers.dir/__/__/Drivers/STM32F4xx_HAL_Driver/Src/stm32f4xx_hal_tim_ex.c.obj
                0x080022e8                HAL_TIMEx_CommutCallback
 .text.HAL_TIMEx_BreakCallback
                0x080022fc       0x14 cmake/stm32cubemx/CMakeFiles/STM32_Drivers.dir/__/__/Drivers/STM32F4xx_HAL_Driver/Src/stm32f4xx_hal_tim_ex.c.obj
                0x080022fc                HAL_TIMEx_BreakCallback
 .text.main     0x08002310       0x2a CMakeFiles/leg.dir/Core/Src/main.c.obj
                0x08002310                main
 *fill*         0x0800233a        0x2 
 .text.SystemClock_Config
                0x0800233c       0xd4 CMakeFiles/leg.dir/Core/Src/main.c.obj
                0x0800233c                SystemClock_Config
 .text.Error_Handler
                0x08002410        0xc CMakeFiles/leg.dir/Core/Src/main.c.obj
                0x08002410                Error_Handler
 .text.MX_GPIO_Init
                0x0800241c       0xa4 CMakeFiles/leg.dir/Core/Src/gpio.c.obj
                0x0800241c                MX_GPIO_Init
 .text.MX_CAN1_Init
                0x080024c0       0x6c CMakeFiles/leg.dir/Core/Src/can.c.obj
                0x080024c0                MX_CAN1_Init
 .text.MX_CAN2_Init
                0x0800252c       0x6c CMakeFiles/leg.dir/Core/Src/can.c.obj
                0x0800252c                MX_CAN2_Init
 .text.HAL_CAN_MspInit
                0x08002598      0x180 CMakeFiles/leg.dir/Core/Src/can.c.obj
                0x08002598                HAL_CAN_MspInit
 .text.MX_TIM13_Init
                0x08002718       0x48 CMakeFiles/leg.dir/Core/Src/tim.c.obj
                0x08002718                MX_TIM13_Init
 .text.MX_TIM14_Init
                0x08002760       0x48 CMakeFiles/leg.dir/Core/Src/tim.c.obj
                0x08002760                MX_TIM14_Init
 .text.HAL_TIM_Base_MspInit
                0x080027a8       0x8c CMakeFiles/leg.dir/Core/Src/tim.c.obj
                0x080027a8                HAL_TIM_Base_MspInit
 .text.NMI_Handler
                0x08002834        0x8 CMakeFiles/leg.dir/Core/Src/stm32f4xx_it.c.obj
                0x08002834                NMI_Handler
 .text.HardFault_Handler
                0x0800283c        0x8 CMakeFiles/leg.dir/Core/Src/stm32f4xx_it.c.obj
                0x0800283c                HardFault_Handler
 .text.MemManage_Handler
                0x08002844        0x8 CMakeFiles/leg.dir/Core/Src/stm32f4xx_it.c.obj
                0x08002844                MemManage_Handler
 .text.BusFault_Handler
                0x0800284c        0x8 CMakeFiles/leg.dir/Core/Src/stm32f4xx_it.c.obj
                0x0800284c                BusFault_Handler
 .text.UsageFault_Handler
                0x08002854        0x8 CMakeFiles/leg.dir/Core/Src/stm32f4xx_it.c.obj
                0x08002854                UsageFault_Handler
 .text.SVC_Handler
                0x0800285c        0xe CMakeFiles/leg.dir/Core/Src/stm32f4xx_it.c.obj
                0x0800285c                SVC_Handler
 .text.DebugMon_Handler
                0x0800286a        0xe CMakeFiles/leg.dir/Core/Src/stm32f4xx_it.c.obj
                0x0800286a                DebugMon_Handler
 .text.PendSV_Handler
                0x08002878        0xe CMakeFiles/leg.dir/Core/Src/stm32f4xx_it.c.obj
                0x08002878                PendSV_Handler
 .text.SysTick_Handler
                0x08002886        0xc CMakeFiles/leg.dir/Core/Src/stm32f4xx_it.c.obj
                0x08002886                SysTick_Handler
 *fill*         0x08002892        0x2 
 .text.CAN1_RX0_IRQHandler
                0x08002894       0x14 CMakeFiles/leg.dir/Core/Src/stm32f4xx_it.c.obj
                0x08002894                CAN1_RX0_IRQHandler
 .text.CAN1_RX1_IRQHandler
                0x080028a8       0x14 CMakeFiles/leg.dir/Core/Src/stm32f4xx_it.c.obj
                0x080028a8                CAN1_RX1_IRQHandler
 .text.TIM8_UP_TIM13_IRQHandler
                0x080028bc       0x14 CMakeFiles/leg.dir/Core/Src/stm32f4xx_it.c.obj
                0x080028bc                TIM8_UP_TIM13_IRQHandler
 .text.TIM8_TRG_COM_TIM14_IRQHandler
                0x080028d0       0x14 CMakeFiles/leg.dir/Core/Src/stm32f4xx_it.c.obj
                0x080028d0                TIM8_TRG_COM_TIM14_IRQHandler
 .text.CAN2_RX0_IRQHandler
                0x080028e4       0x14 CMakeFiles/leg.dir/Core/Src/stm32f4xx_it.c.obj
                0x080028e4                CAN2_RX0_IRQHandler
 .text.CAN2_RX1_IRQHandler
                0x080028f8       0x14 CMakeFiles/leg.dir/Core/Src/stm32f4xx_it.c.obj
                0x080028f8                CAN2_RX1_IRQHandler
 .text.HAL_MspInit
                0x0800290c       0x50 CMakeFiles/leg.dir/Core/Src/stm32f4xx_hal_msp.c.obj
                0x0800290c                HAL_MspInit
 .text._getpid  0x0800295c       0x10 CMakeFiles/leg.dir/Core/Src/syscalls.c.obj
                0x0800295c                _getpid
 .text._kill    0x0800296c       0x20 CMakeFiles/leg.dir/Core/Src/syscalls.c.obj
                0x0800296c                _kill
 .text._exit    0x0800298c       0x16 CMakeFiles/leg.dir/Core/Src/syscalls.c.obj
                0x0800298c                _exit
 *fill*         0x080029a2        0x2 
 .text.Reset_Handler
                0x080029a4       0x50 CMakeFiles/leg.dir/startup_stm32f407xx.s.obj
                0x080029a4                Reset_Handler
 .text.Default_Handler
                0x080029f4        0x2 CMakeFiles/leg.dir/startup_stm32f407xx.s.obj
                0x080029f4                RTC_Alarm_IRQHandler
                0x080029f4                HASH_RNG_IRQHandler
                0x080029f4                EXTI2_IRQHandler
                0x080029f4                TIM8_CC_IRQHandler
                0x080029f4                TIM1_CC_IRQHandler
                0x080029f4                DMA2_Stream5_IRQHandler
                0x080029f4                DMA1_Stream5_IRQHandler
                0x080029f4                PVD_IRQHandler
                0x080029f4                SDIO_IRQHandler
                0x080029f4                TAMP_STAMP_IRQHandler
                0x080029f4                EXTI3_IRQHandler
                0x080029f4                TIM1_UP_TIM10_IRQHandler
                0x080029f4                I2C3_ER_IRQHandler
                0x080029f4                EXTI0_IRQHandler
                0x080029f4                I2C2_EV_IRQHandler
                0x080029f4                DMA1_Stream2_IRQHandler
                0x080029f4                FPU_IRQHandler
                0x080029f4                OTG_HS_WKUP_IRQHandler
                0x080029f4                CAN2_SCE_IRQHandler
                0x080029f4                DMA2_Stream2_IRQHandler
                0x080029f4                SPI1_IRQHandler
                0x080029f4                TIM6_DAC_IRQHandler
                0x080029f4                TIM1_BRK_TIM9_IRQHandler
                0x080029f4                DCMI_IRQHandler
                0x080029f4                DMA2_Stream3_IRQHandler
                0x080029f4                USART6_IRQHandler
                0x080029f4                USART3_IRQHandler
                0x080029f4                UART5_IRQHandler
                0x080029f4                DMA2_Stream0_IRQHandler
                0x080029f4                TIM4_IRQHandler
                0x080029f4                I2C1_EV_IRQHandler
                0x080029f4                DMA1_Stream6_IRQHandler
                0x080029f4                DMA1_Stream1_IRQHandler
                0x080029f4                UART4_IRQHandler
                0x080029f4                TIM3_IRQHandler
                0x080029f4                RCC_IRQHandler
                0x080029f4                TIM8_BRK_TIM12_IRQHandler
                0x080029f4                Default_Handler
                0x080029f4                EXTI15_10_IRQHandler
                0x080029f4                ADC_IRQHandler
                0x080029f4                DMA1_Stream7_IRQHandler
                0x080029f4                TIM7_IRQHandler
                0x080029f4                CAN2_TX_IRQHandler
                0x080029f4                TIM5_IRQHandler
                0x080029f4                DMA2_Stream7_IRQHandler
                0x080029f4                I2C3_EV_IRQHandler
                0x080029f4                EXTI9_5_IRQHandler
                0x080029f4                RTC_WKUP_IRQHandler
                0x080029f4                ETH_WKUP_IRQHandler
                0x080029f4                SPI2_IRQHandler
                0x080029f4                OTG_HS_EP1_IN_IRQHandler
                0x080029f4                DMA1_Stream0_IRQHandler
                0x080029f4                CAN1_TX_IRQHandler
                0x080029f4                EXTI4_IRQHandler
                0x080029f4                FSMC_IRQHandler
                0x080029f4                ETH_IRQHandler
                0x080029f4                OTG_HS_EP1_OUT_IRQHandler
                0x080029f4                WWDG_IRQHandler
                0x080029f4                TIM2_IRQHandler
                0x080029f4                OTG_FS_WKUP_IRQHandler
                0x080029f4                TIM1_TRG_COM_TIM11_IRQHandler
                0x080029f4                OTG_HS_IRQHandler
                0x080029f4                EXTI1_IRQHandler
                0x080029f4                USART2_IRQHandler
                0x080029f4                I2C2_ER_IRQHandler
                0x080029f4                DMA2_Stream1_IRQHandler
                0x080029f4                CAN1_SCE_IRQHandler
                0x080029f4                FLASH_IRQHandler
                0x080029f4                DMA2_Stream4_IRQHandler
                0x080029f4                USART1_IRQHandler
                0x080029f4                OTG_FS_IRQHandler
                0x080029f4                SPI3_IRQHandler
                0x080029f4                DMA1_Stream4_IRQHandler
                0x080029f4                I2C1_ER_IRQHandler
                0x080029f4                DMA2_Stream6_IRQHandler
                0x080029f4                DMA1_Stream3_IRQHandler
 .text._ZNSt14_Function_baseD2Ev
                0x080029f6       0x26 CMakeFiles/leg.dir/Components/src/usr_main.cpp.obj
                0x080029f6                std::_Function_base::~_Function_base()
                0x080029f6                std::_Function_base::~_Function_base()
 .text._ZNSt8functionIFvvEED2Ev
                0x08002a1c       0x1a CMakeFiles/leg.dir/Components/src/usr_main.cpp.obj
                0x08002a1c                std::function<void ()>::~function()
                0x08002a1c                std::function<void ()>::~function()
 *fill*         0x08002a36        0x2 
 .text.main_configs
                0x08002a38       0x18 CMakeFiles/leg.dir/Components/src/usr_main.cpp.obj
                0x08002a38                main_configs
 .text.main_loop
                0x08002a50        0xe CMakeFiles/leg.dir/Components/src/usr_main.cpp.obj
                0x08002a50                main_loop
 .text._ZNSt14_Function_baseC2Ev
                0x08002a5e       0x26 CMakeFiles/leg.dir/Components/src/usr_main.cpp.obj
                0x08002a5e                std::_Function_base::_Function_base()
                0x08002a5e                std::_Function_base::_Function_base()
 .text._ZNSt8functionIFvvEEC2EDn
                0x08002a84       0x2e CMakeFiles/leg.dir/Components/src/usr_main.cpp.obj
                0x08002a84                std::function<void ()>::function(decltype(nullptr))
                0x08002a84                std::function<void ()>::function(decltype(nullptr))
 *fill*         0x08002ab2        0x2 
 .text._Z41__static_initialization_and_destruction_0v
                0x08002ab4       0x4c CMakeFiles/leg.dir/Components/src/usr_main.cpp.obj
 .text._GLOBAL__sub_I_bsp_can_rx
                0x08002b00        0xa CMakeFiles/leg.dir/Components/src/usr_main.cpp.obj
 .text._ZNKSt14_Function_base8_M_emptyEv
                0x08002b0a       0x22 CMakeFiles/leg.dir/Components/src/bsp_can.cpp.obj
                0x08002b0a                std::_Function_base::_M_empty() const
 .text._ZN19bsp_can_rx_instanceC2EP17CAN_HandleTypeDefmmSt8functionIFvvEE
                0x08002b2c      0x1b0 CMakeFiles/leg.dir/Components/src/bsp_can.cpp.obj
                0x08002b2c                bsp_can_rx_instance::bsp_can_rx_instance(CAN_HandleTypeDef*, unsigned long, unsigned long, std::function<void ()>)
                0x08002b2c                bsp_can_rx_instance::bsp_can_rx_instance(CAN_HandleTypeDef*, unsigned long, unsigned long, std::function<void ()>)
 .text._ZN19bsp_can_rx_instanceD2Ev
                0x08002cdc       0x5c CMakeFiles/leg.dir/Components/src/bsp_can.cpp.obj
                0x08002cdc                bsp_can_rx_instance::~bsp_can_rx_instance()
                0x08002cdc                bsp_can_rx_instance::~bsp_can_rx_instance()
 .text._ZN19bsp_can_rx_instance6enableEv
                0x08002d38       0x4a CMakeFiles/leg.dir/Components/src/bsp_can.cpp.obj
                0x08002d38                bsp_can_rx_instance::enable()
 *fill*         0x08002d82        0x2 
 .text._ZN19bsp_can_rx_instance28bsp_can_get_msg_to_instancesEPK17CAN_HandleTypeDefmPK19CAN_RxHeaderTypeDefPKh
                0x08002d84      0x118 CMakeFiles/leg.dir/Components/src/bsp_can.cpp.obj
                0x08002d84                bsp_can_rx_instance::bsp_can_get_msg_to_instances(CAN_HandleTypeDef const*, unsigned long, CAN_RxHeaderTypeDef const*, unsigned char const*)
 .text._Z16bsp_can_init_allv
                0x08002e9c       0x70 CMakeFiles/leg.dir/Components/src/bsp_can.cpp.obj
                0x08002e9c                bsp_can_init_all()
 .text.HAL_CAN_RxFifo0MsgPendingCallback
                0x08002f0c       0x40 CMakeFiles/leg.dir/Components/src/bsp_can.cpp.obj
                0x08002f0c                HAL_CAN_RxFifo0MsgPendingCallback
 .text.HAL_CAN_RxFifo1MsgPendingCallback
                0x08002f4c       0x40 CMakeFiles/leg.dir/Components/src/bsp_can.cpp.obj
                0x08002f4c                HAL_CAN_RxFifo1MsgPendingCallback
 .text._ZNSt8functionIFvvEEC2ERKS1_
                0x08002f8c       0x56 CMakeFiles/leg.dir/Components/src/bsp_can.cpp.obj
                0x08002f8c                std::function<void ()>::function(std::function<void ()> const&)
                0x08002f8c                std::function<void ()>::function(std::function<void ()> const&)
 .text._ZNKSt8functionIFvvEEcvbEv
                0x08002fe2       0x20 CMakeFiles/leg.dir/Components/src/bsp_can.cpp.obj
                0x08002fe2                std::function<void ()>::operator bool() const
 .text._ZNKSt8functionIFvvEEclEv
                0x08003002       0x2c CMakeFiles/leg.dir/Components/src/bsp_can.cpp.obj
                0x08003002                std::function<void ()>::operator()() const
 .text.__aeabi_atexit
                0x0800302e        0xa /home/wzdsch/.local/share/stm32cube/bundles/gnu-tools-for-stm32/13.3.1+st.9/bin/../lib/gcc/arm-none-eabi/13.3.1/../../../../arm-none-eabi/lib/thumb/v7e-m+fp/hard/libstdc++_nano.a(atexit_arm.o)
                0x0800302e                __aeabi_atexit
 .text.unlikely._ZSt25__throw_bad_function_callv
                0x08003038        0x6 /home/wzdsch/.local/share/stm32cube/bundles/gnu-tools-for-stm32/13.3.1+st.9/bin/../lib/gcc/arm-none-eabi/13.3.1/../../../../arm-none-eabi/lib/thumb/v7e-m+fp/hard/libstdc++_nano.a(functional.o)
                0x08003038                std::__throw_bad_function_call()
 .text.abort    0x0800303e        0xe /home/wzdsch/.local/share/stm32cube/bundles/gnu-tools-for-stm32/13.3.1+st.9/bin/../lib/gcc/arm-none-eabi/13.3.1/../../../../arm-none-eabi/lib/thumb/v7e-m+fp/hard/libg_nano.a(libc_a-abort.o)
                0x0800303e                abort
 .text.__cxa_atexit
                0x0800304c       0x1c /home/wzdsch/.local/share/stm32cube/bundles/gnu-tools-for-stm32/13.3.1+st.9/bin/../lib/gcc/arm-none-eabi/13.3.1/../../../../arm-none-eabi/lib/thumb/v7e-m+fp/hard/libg_nano.a(libc_a-cxa_atexit.o)
                0x0800304c                __cxa_atexit
 .text.memset   0x08003068       0x10 /home/wzdsch/.local/share/stm32cube/bundles/gnu-tools-for-stm32/13.3.1+st.9/bin/../lib/gcc/arm-none-eabi/13.3.1/../../../../arm-none-eabi/lib/thumb/v7e-m+fp/hard/libg_nano.a(libc_a-memset.o)
                0x08003068                memset
 .text._raise_r
                0x08003078       0x50 /home/wzdsch/.local/share/stm32cube/bundles/gnu-tools-for-stm32/13.3.1+st.9/bin/../lib/gcc/arm-none-eabi/13.3.1/../../../../arm-none-eabi/lib/thumb/v7e-m+fp/hard/libg_nano.a(libc_a-signal.o)
                0x08003078                _raise_r
 .text.raise    0x080030c8       0x10 /home/wzdsch/.local/share/stm32cube/bundles/gnu-tools-for-stm32/13.3.1+st.9/bin/../lib/gcc/arm-none-eabi/13.3.1/../../../../arm-none-eabi/lib/thumb/v7e-m+fp/hard/libg_nano.a(libc_a-signal.o)
                0x080030c8                raise
 .text._kill_r  0x080030d8       0x24 /home/wzdsch/.local/share/stm32cube/bundles/gnu-tools-for-stm32/13.3.1+st.9/bin/../lib/gcc/arm-none-eabi/13.3.1/../../../../arm-none-eabi/lib/thumb/v7e-m+fp/hard/libg_nano.a(libc_a-signalr.o)
                0x080030d8                _kill_r
 .text._getpid_r
                0x080030fc        0x4 /home/wzdsch/.local/share/stm32cube/bundles/gnu-tools-for-stm32/13.3.1+st.9/bin/../lib/gcc/arm-none-eabi/13.3.1/../../../../arm-none-eabi/lib/thumb/v7e-m+fp/hard/libg_nano.a(libc_a-signalr.o)
                0x080030fc                _getpid_r
 .text.__errno  0x08003100        0xc /home/wzdsch/.local/share/stm32cube/bundles/gnu-tools-for-stm32/13.3.1+st.9/bin/../lib/gcc/arm-none-eabi/13.3.1/../../../../arm-none-eabi/lib/thumb/v7e-m+fp/hard/libg_nano.a(libc_a-errno.o)
                0x08003100                __errno
 .text.__libc_init_array
                0x0800310c       0x48 /home/wzdsch/.local/share/stm32cube/bundles/gnu-tools-for-stm32/13.3.1+st.9/bin/../lib/gcc/arm-none-eabi/13.3.1/../../../../arm-none-eabi/lib/thumb/v7e-m+fp/hard/libg_nano.a(libc_a-init.o)
                0x0800310c                __libc_init_array
 .text.memcpy   0x08003154       0x1c /home/wzdsch/.local/share/stm32cube/bundles/gnu-tools-for-stm32/13.3.1+st.9/bin/../lib/gcc/arm-none-eabi/13.3.1/../../../../arm-none-eabi/lib/thumb/v7e-m+fp/hard/libg_nano.a(libc_a-memcpy-stub.o)
                0x08003154                memcpy
 *(.glue_7)
 .glue_7        0x08003170        0x0 linker stubs
 *(.glue_7t)
 .glue_7t       0x08003170        0x0 linker stubs
 *(.eh_frame)
 .eh_frame      0x08003170        0x0 /home/wzdsch/.local/share/stm32cube/bundles/gnu-tools-for-stm32/13.3.1+st.9/bin/../lib/gcc/arm-none-eabi/13.3.1/thumb/v7e-m+fp/hard/crtbegin.o
 *(.init)
 .init          0x08003170        0x4 /home/wzdsch/.local/share/stm32cube/bundles/gnu-tools-for-stm32/13.3.1+st.9/bin/../lib/gcc/arm-none-eabi/13.3.1/thumb/v7e-m+fp/hard/crti.o
                0x08003170                _init
 .init          0x08003174        0x8 /home/wzdsch/.local/share/stm32cube/bundles/gnu-tools-for-stm32/13.3.1+st.9/bin/../lib/gcc/arm-none-eabi/13.3.1/thumb/v7e-m+fp/hard/crtn.o
 *(.fini)
 .fini          0x0800317c        0x4 /home/wzdsch/.local/share/stm32cube/bundles/gnu-tools-for-stm32/13.3.1+st.9/bin/../lib/gcc/arm-none-eabi/13.3.1/thumb/v7e-m+fp/hard/crti.o
                0x0800317c                _fini
 .fini          0x08003180        0x8 /home/wzdsch/.local/share/stm32cube/bundles/gnu-tools-for-stm32/13.3.1+st.9/bin/../lib/gcc/arm-none-eabi/13.3.1/thumb/v7e-m+fp/hard/crtn.o
                0x08003188                        . = ALIGN (0x4)
                0x08003188                        _etext = .

.vfp11_veneer   0x08003188        0x0
 .vfp11_veneer  0x08003188        0x0 linker stubs

.v4_bx          0x08003188        0x0
 .v4_bx         0x08003188        0x0 linker stubs

.iplt           0x08003188        0x0
 .iplt          0x08003188        0x0 /home/wzdsch/.local/share/stm32cube/bundles/gnu-tools-for-stm32/13.3.1+st.9/bin/../lib/gcc/arm-none-eabi/13.3.1/thumb/v7e-m+fp/hard/crtbegin.o

.rodata         0x08003188       0x10
                0x08003188                        . = ALIGN (0x4)
 *(.rodata)
 *(.rodata*)
 .rodata.AHBPrescTable
                0x08003188       0x10 cmake/stm32cubemx/CMakeFiles/STM32_Drivers.dir/__/__/Core/Src/system_stm32f4xx.c.obj
                0x08003188                AHBPrescTable
                0x08003198                        . = ALIGN (0x4)

.ARM.extab      0x08003198        0x0
                0x08003198                        . = ALIGN (0x4)
 *(.ARM.extab* .gnu.linkonce.armextab.*)
                0x08003198                        . = ALIGN (0x4)

.ARM            0x08003198        0x8
                0x08003198                        . = ALIGN (0x4)
                0x08003198                        __exidx_start = .
 *(.ARM.exidx*)
 .ARM.exidx     0x08003198        0x8 /home/wzdsch/.local/share/stm32cube/bundles/gnu-tools-for-stm32/13.3.1+st.9/bin/../lib/gcc/arm-none-eabi/13.3.1/thumb/v7e-m+fp/hard/libgcc.a(_udivmoddi4.o)
                0x080031a0                        __exidx_end = .
                0x080031a0                        . = ALIGN (0x4)

.preinit_array  0x080031a0        0x0
                0x080031a0                        . = ALIGN (0x4)
                0x080031a0                        PROVIDE (__preinit_array_start = .)
 *(.preinit_array*)
                0x080031a0                        PROVIDE (__preinit_array_end = .)
                0x080031a0                        . = ALIGN (0x4)

.init_array     0x080031a0        0x8
                0x080031a0                        . = ALIGN (0x4)
                0x080031a0                        PROVIDE (__init_array_start = .)
 *(SORT_BY_NAME(.init_array.*))
 *(.init_array*)
 .init_array    0x080031a0        0x4 /home/wzdsch/.local/share/stm32cube/bundles/gnu-tools-for-stm32/13.3.1+st.9/bin/../lib/gcc/arm-none-eabi/13.3.1/thumb/v7e-m+fp/hard/crtbegin.o
 .init_array    0x080031a4        0x4 CMakeFiles/leg.dir/Components/src/usr_main.cpp.obj
                0x080031a8                        PROVIDE (__init_array_end = .)
                0x080031a8                        . = ALIGN (0x4)

.fini_array     0x080031a8        0x4
                0x080031a8                        . = ALIGN (0x4)
                [!provide]                        PROVIDE (__fini_array_start = .)
 *(SORT_BY_NAME(.fini_array.*))
 *(.fini_array*)
 .fini_array    0x080031a8        0x4 /home/wzdsch/.local/share/stm32cube/bundles/gnu-tools-for-stm32/13.3.1+st.9/bin/../lib/gcc/arm-none-eabi/13.3.1/thumb/v7e-m+fp/hard/crtbegin.o
                [!provide]                        PROVIDE (__fini_array_end = .)
                0x080031ac                        . = ALIGN (0x4)
                0x080031ac                        _siccmram = LOADADDR (.ccmram)

.rel.dyn        0x080031ac        0x0
 .rel.iplt      0x080031ac        0x0 /home/wzdsch/.local/share/stm32cube/bundles/gnu-tools-for-stm32/13.3.1+st.9/bin/../lib/gcc/arm-none-eabi/13.3.1/thumb/v7e-m+fp/hard/crtbegin.o

.ccmram         0x10000000        0x0 load address 0x080031ac
                0x10000000                        . = ALIGN (0x4)
                0x10000000                        _sccmram = .
 *(.ccmram)
 *(.ccmram*)
                0x10000000                        . = ALIGN (0x4)
                0x10000000                        _eccmram = .
                0x080031ac                        _sidata = LOADADDR (.data)

.data           0x20000000       0x60 load address 0x080031ac
                0x20000000                        . = ALIGN (0x4)
                0x20000000                        _sdata = .
 *(.data)
 .data          0x20000000        0x4 /home/wzdsch/.local/share/stm32cube/bundles/gnu-tools-for-stm32/13.3.1+st.9/bin/../lib/gcc/arm-none-eabi/13.3.1/thumb/v7e-m+fp/hard/crtbegin.o
                0x20000000                __dso_handle
 *(.data*)
 .data.SystemCoreClock
                0x20000004        0x4 cmake/stm32cubemx/CMakeFiles/STM32_Drivers.dir/__/__/Core/Src/system_stm32f4xx.c.obj
                0x20000004                SystemCoreClock
 .data.uwTickPrio
                0x20000008        0x4 cmake/stm32cubemx/CMakeFiles/STM32_Drivers.dir/__/__/Drivers/STM32F4xx_HAL_Driver/Src/stm32f4xx_hal.c.obj
                0x20000008                uwTickPrio
 .data.uwTickFreq
                0x2000000c        0x1 cmake/stm32cubemx/CMakeFiles/STM32_Drivers.dir/__/__/Drivers/STM32F4xx_HAL_Driver/Src/stm32f4xx_hal.c.obj
                0x2000000c                uwTickFreq
 .data._ZN19bsp_can_rx_instance20sm_can2_filter_indexE
                0x2000000d        0x1 CMakeFiles/leg.dir/Components/src/bsp_can.cpp.obj
                0x2000000d                bsp_can_rx_instance::sm_can2_filter_index
 *fill*         0x2000000e        0x2 
 .data._impure_ptr
                0x20000010        0x4 /home/wzdsch/.local/share/stm32cube/bundles/gnu-tools-for-stm32/13.3.1+st.9/bin/../lib/gcc/arm-none-eabi/13.3.1/../../../../arm-none-eabi/lib/thumb/v7e-m+fp/hard/libg_nano.a(libc_a-impure.o)
                0x20000010                _impure_ptr
 .data._impure_data
                0x20000014       0x4c /home/wzdsch/.local/share/stm32cube/bundles/gnu-tools-for-stm32/13.3.1+st.9/bin/../lib/gcc/arm-none-eabi/13.3.1/../../../../arm-none-eabi/lib/thumb/v7e-m+fp/hard/libg_nano.a(libc_a-impure.o)
                0x20000014                _impure_data
 *(.RamFunc)
 *(.RamFunc*)
                0x20000060                        . = ALIGN (0x4)

.igot.plt       0x20000060        0x0 load address 0x0800320c
 .igot.plt      0x20000060        0x0 /home/wzdsch/.local/share/stm32cube/bundles/gnu-tools-for-stm32/13.3.1+st.9/bin/../lib/gcc/arm-none-eabi/13.3.1/thumb/v7e-m+fp/hard/crtbegin.o

.tdata          0x20000060        0x0 load address 0x0800320c
 *(.tdata .tdata.* .gnu.linkonce.td.*)
                0x20000060                        . = ALIGN (0x4)
                0x20000060                        _edata = .
                [!provide]                        PROVIDE (__data_end = .)
                [!provide]                        PROVIDE (__tdata_end = .)
                [!provide]                        PROVIDE (__tdata_start = ADDR (.tdata))
                [!provide]                        PROVIDE (__tdata_size = (__tdata_end - __tdata_start))
                [!provide]                        PROVIDE (__data_start = ADDR (.data))
                [!provide]                        PROVIDE (__data_size = (__data_end - __data_start))
                [!provide]                        PROVIDE (__tdata_source = LOADADDR (.tdata))
                [!provide]                        PROVIDE (__tdata_source_end = (LOADADDR (.tdata) + SIZEOF (.tdata)))
                [!provide]                        PROVIDE (__tdata_source_size = (__tdata_source_end - __tdata_source))
                [!provide]                        PROVIDE (__data_source = LOADADDR (.data))
                [!provide]                        PROVIDE (__data_source_end = __tdata_source_end)
                [!provide]                        PROVIDE (__data_source_size = (__data_source_end - __data_source))

.tbss           0x20000060        0x0 load address 0x0800320c
                0x20000060                        _sbss = .
                0x20000060                        __bss_start__ = _sbss
 *(.tbss .tbss.*)
                0x20000060                        . = ALIGN (0x4)
                [!provide]                        PROVIDE (__tbss_end = .)
                [!provide]                        PROVIDE (__tbss_start = ADDR (.tbss))
                [!provide]                        PROVIDE (__tbss_size = (__tbss_end - __tbss_start))
                [!provide]                        PROVIDE (__tbss_offset = (ADDR (.tbss) - ADDR (.tdata)))
                [!provide]                        PROVIDE (__tls_base = __tdata_start)
                [!provide]                        PROVIDE (__tls_end = __tbss_end)
                [!provide]                        PROVIDE (__tls_size = (__tls_end - __tls_base))
                [!provide]                        PROVIDE (__tls_align = MAX (ALIGNOF (.tdata), ALIGNOF (.tbss)))
                [!provide]                        PROVIDE (__tls_size_align = (((__tls_size + __tls_align) - 0x1) & ~ ((__tls_align - 0x1))))
                [!provide]                        PROVIDE (__arm32_tls_tcb_offset = MAX (0x8, __tls_align))
                [!provide]                        PROVIDE (__arm64_tls_tcb_offset = MAX (0x10, __tls_align))

.bss            0x20000060      0x330 load address 0x0800320c
 *(.bss)
 .bss           0x20000060       0x1c /home/wzdsch/.local/share/stm32cube/bundles/gnu-tools-for-stm32/13.3.1+st.9/bin/../lib/gcc/arm-none-eabi/13.3.1/thumb/v7e-m+fp/hard/crtbegin.o
 *(.bss*)
 .bss.uwTick    0x2000007c        0x4 cmake/stm32cubemx/CMakeFiles/STM32_Drivers.dir/__/__/Drivers/STM32F4xx_HAL_Driver/Src/stm32f4xx_hal.c.obj
                0x2000007c                uwTick
 .bss.hcan1     0x20000080       0x28 CMakeFiles/leg.dir/Core/Src/can.c.obj
                0x20000080                hcan1
 .bss.hcan2     0x200000a8       0x28 CMakeFiles/leg.dir/Core/Src/can.c.obj
                0x200000a8                hcan2
 .bss.HAL_RCC_CAN1_CLK_ENABLED
                0x200000d0        0x4 CMakeFiles/leg.dir/Core/Src/can.c.obj
 .bss.htim13    0x200000d4       0x48 CMakeFiles/leg.dir/Core/Src/tim.c.obj
                0x200000d4                htim13
 .bss.htim14    0x2000011c       0x48 CMakeFiles/leg.dir/Core/Src/tim.c.obj
                0x2000011c                htim14
 .bss.bsp_can_rx
                0x20000164       0x7c CMakeFiles/leg.dir/Components/src/usr_main.cpp.obj
                0x20000164                bsp_can_rx
 .bss._ZN19bsp_can_rx_instance20sm_can1_filter_indexE
                0x200001e0        0x1 CMakeFiles/leg.dir/Components/src/bsp_can.cpp.obj
                0x200001e0                bsp_can_rx_instance::sm_can1_filter_index
 *fill*         0x200001e1        0x3 
 .bss._ZN19bsp_can_rx_instance16spm_rx_instancesE
                0x200001e4       0x70 CMakeFiles/leg.dir/Components/src/bsp_can.cpp.obj
                0x200001e4                bsp_can_rx_instance::spm_rx_instances
 .bss.__sf      0x20000254      0x138 /home/wzdsch/.local/share/stm32cube/bundles/gnu-tools-for-stm32/13.3.1+st.9/bin/../lib/gcc/arm-none-eabi/13.3.1/../../../../arm-none-eabi/lib/thumb/v7e-m+fp/hard/libg_nano.a(libc_a-findfp.o)
                0x20000254                __sf
 .bss.errno     0x2000038c        0x4 /home/wzdsch/.local/share/stm32cube/bundles/gnu-tools-for-stm32/13.3.1+st.9/bin/../lib/gcc/arm-none-eabi/13.3.1/../../../../arm-none-eabi/lib/thumb/v7e-m+fp/hard/libg_nano.a(libc_a-reent.o)
                0x2000038c                errno
 *(COMMON)
                0x20000390                        . = ALIGN (0x4)
                0x20000390                        _ebss = .
                0x20000390                        __bss_end__ = _ebss
                [!provide]                        PROVIDE (__bss_end = .)
                [!provide]                        PROVIDE (__non_tls_bss_start = ADDR (.bss))
                [!provide]                        PROVIDE (__bss_start = __tbss_start)
                [!provide]                        PROVIDE (__bss_size = (__bss_end - __bss_start))

._user_heap_stack
                0x20000390      0x600 load address 0x0800320c
                0x20000390                        . = ALIGN (0x8)
                [!provide]                        PROVIDE (end = .)
                0x20000390                        PROVIDE (_end = .)
                0x20000590                        . = (. + _Min_Heap_Size)
 *fill*         0x20000390      0x200 
                0x20000990                        . = (. + _Min_Stack_Size)
 *fill*         0x20000590      0x400 
                0x20000990                        . = ALIGN (0x8)

/DISCARD/
 libc.a:*(*)
 libm.a:*(*)
 libgcc.a:*(*)
OUTPUT(leg.elf elf32-littlearm)
LOAD linker stubs

.ARM.attributes
                0x00000000       0x30
 .ARM.attributes
                0x00000000       0x22 /home/wzdsch/.local/share/stm32cube/bundles/gnu-tools-for-stm32/13.3.1+st.9/bin/../lib/gcc/arm-none-eabi/13.3.1/thumb/v7e-m+fp/hard/crti.o
 .ARM.attributes
                0x00000022       0x34 /home/wzdsch/.local/share/stm32cube/bundles/gnu-tools-for-stm32/13.3.1+st.9/bin/../lib/gcc/arm-none-eabi/13.3.1/thumb/v7e-m+fp/hard/crtbegin.o
 .ARM.attributes
                0x00000056       0x34 cmake/stm32cubemx/CMakeFiles/STM32_Drivers.dir/__/__/Core/Src/system_stm32f4xx.c.obj
 .ARM.attributes
                0x0000008a       0x34 cmake/stm32cubemx/CMakeFiles/STM32_Drivers.dir/__/__/Drivers/STM32F4xx_HAL_Driver/Src/stm32f4xx_hal_can.c.obj
 .ARM.attributes
                0x000000be       0x34 cmake/stm32cubemx/CMakeFiles/STM32_Drivers.dir/__/__/Drivers/STM32F4xx_HAL_Driver/Src/stm32f4xx_hal_rcc.c.obj
 .ARM.attributes
                0x000000f2       0x34 cmake/stm32cubemx/CMakeFiles/STM32_Drivers.dir/__/__/Drivers/STM32F4xx_HAL_Driver/Src/stm32f4xx_hal_gpio.c.obj
 .ARM.attributes
                0x00000126       0x34 cmake/stm32cubemx/CMakeFiles/STM32_Drivers.dir/__/__/Drivers/STM32F4xx_HAL_Driver/Src/stm32f4xx_hal_cortex.c.obj
 .ARM.attributes
                0x0000015a       0x34 cmake/stm32cubemx/CMakeFiles/STM32_Drivers.dir/__/__/Drivers/STM32F4xx_HAL_Driver/Src/stm32f4xx_hal.c.obj
 .ARM.attributes
                0x0000018e       0x34 cmake/stm32cubemx/CMakeFiles/STM32_Drivers.dir/__/__/Drivers/STM32F4xx_HAL_Driver/Src/stm32f4xx_hal_tim.c.obj
 .ARM.attributes
                0x000001c2       0x34 cmake/stm32cubemx/CMakeFiles/STM32_Drivers.dir/__/__/Drivers/STM32F4xx_HAL_Driver/Src/stm32f4xx_hal_tim_ex.c.obj
 .ARM.attributes
                0x000001f6       0x34 CMakeFiles/leg.dir/Core/Src/main.c.obj
 .ARM.attributes
                0x0000022a       0x34 CMakeFiles/leg.dir/Core/Src/gpio.c.obj
 .ARM.attributes
                0x0000025e       0x34 CMakeFiles/leg.dir/Core/Src/can.c.obj
 .ARM.attributes
                0x00000292       0x34 CMakeFiles/leg.dir/Core/Src/tim.c.obj
 .ARM.attributes
                0x000002c6       0x34 CMakeFiles/leg.dir/Core/Src/stm32f4xx_it.c.obj
 .ARM.attributes
                0x000002fa       0x34 CMakeFiles/leg.dir/Core/Src/stm32f4xx_hal_msp.c.obj
 .ARM.attributes
                0x0000032e       0x34 CMakeFiles/leg.dir/Core/Src/syscalls.c.obj
 .ARM.attributes
                0x00000362       0x21 CMakeFiles/leg.dir/startup_stm32f407xx.s.obj
 .ARM.attributes
                0x00000383       0x34 CMakeFiles/leg.dir/Components/src/usr_main.cpp.obj
 .ARM.attributes
                0x000003b7       0x34 CMakeFiles/leg.dir/Components/src/bsp_can.cpp.obj
 .ARM.attributes
                0x000003eb       0x34 /home/wzdsch/.local/share/stm32cube/bundles/gnu-tools-for-stm32/13.3.1+st.9/bin/../lib/gcc/arm-none-eabi/13.3.1/../../../../arm-none-eabi/lib/thumb/v7e-m+fp/hard/libstdc++_nano.a(atexit_arm.o)
 .ARM.attributes
                0x0000041f       0x34 /home/wzdsch/.local/share/stm32cube/bundles/gnu-tools-for-stm32/13.3.1+st.9/bin/../lib/gcc/arm-none-eabi/13.3.1/../../../../arm-none-eabi/lib/thumb/v7e-m+fp/hard/libstdc++_nano.a(functional.o)
 .ARM.attributes
                0x00000453       0x22 /home/wzdsch/.local/share/stm32cube/bundles/gnu-tools-for-stm32/13.3.1+st.9/bin/../lib/gcc/arm-none-eabi/13.3.1/thumb/v7e-m+fp/hard/libgcc.a(_aeabi_uldivmod.o)
 .ARM.attributes
                0x00000475       0x34 /home/wzdsch/.local/share/stm32cube/bundles/gnu-tools-for-stm32/13.3.1+st.9/bin/../lib/gcc/arm-none-eabi/13.3.1/thumb/v7e-m+fp/hard/libgcc.a(_udivmoddi4.o)
 .ARM.attributes
                0x000004a9       0x22 /home/wzdsch/.local/share/stm32cube/bundles/gnu-tools-for-stm32/13.3.1+st.9/bin/../lib/gcc/arm-none-eabi/13.3.1/thumb/v7e-m+fp/hard/libgcc.a(_dvmd_tls.o)
 .ARM.attributes
                0x000004cb       0x34 /home/wzdsch/.local/share/stm32cube/bundles/gnu-tools-for-stm32/13.3.1+st.9/bin/../lib/gcc/arm-none-eabi/13.3.1/../../../../arm-none-eabi/lib/thumb/v7e-m+fp/hard/libg_nano.a(libc_a-abort.o)
 .ARM.attributes
                0x000004ff       0x34 /home/wzdsch/.local/share/stm32cube/bundles/gnu-tools-for-stm32/13.3.1+st.9/bin/../lib/gcc/arm-none-eabi/13.3.1/../../../../arm-none-eabi/lib/thumb/v7e-m+fp/hard/libg_nano.a(libc_a-cxa_atexit.o)
 .ARM.attributes
                0x00000533       0x34 /home/wzdsch/.local/share/stm32cube/bundles/gnu-tools-for-stm32/13.3.1+st.9/bin/../lib/gcc/arm-none-eabi/13.3.1/../../../../arm-none-eabi/lib/thumb/v7e-m+fp/hard/libg_nano.a(libc_a-findfp.o)
 .ARM.attributes
                0x00000567       0x34 /home/wzdsch/.local/share/stm32cube/bundles/gnu-tools-for-stm32/13.3.1+st.9/bin/../lib/gcc/arm-none-eabi/13.3.1/../../../../arm-none-eabi/lib/thumb/v7e-m+fp/hard/libg_nano.a(libc_a-memset.o)
 .ARM.attributes
                0x0000059b       0x34 /home/wzdsch/.local/share/stm32cube/bundles/gnu-tools-for-stm32/13.3.1+st.9/bin/../lib/gcc/arm-none-eabi/13.3.1/../../../../arm-none-eabi/lib/thumb/v7e-m+fp/hard/libg_nano.a(libc_a-signal.o)
 .ARM.attributes
                0x000005cf       0x34 /home/wzdsch/.local/share/stm32cube/bundles/gnu-tools-for-stm32/13.3.1+st.9/bin/../lib/gcc/arm-none-eabi/13.3.1/../../../../arm-none-eabi/lib/thumb/v7e-m+fp/hard/libg_nano.a(libc_a-reent.o)
 .ARM.attributes
                0x00000603       0x34 /home/wzdsch/.local/share/stm32cube/bundles/gnu-tools-for-stm32/13.3.1+st.9/bin/../lib/gcc/arm-none-eabi/13.3.1/../../../../arm-none-eabi/lib/thumb/v7e-m+fp/hard/libg_nano.a(libc_a-impure.o)
 .ARM.attributes
                0x00000637       0x34 /home/wzdsch/.local/share/stm32cube/bundles/gnu-tools-for-stm32/13.3.1+st.9/bin/../lib/gcc/arm-none-eabi/13.3.1/../../../../arm-none-eabi/lib/thumb/v7e-m+fp/hard/libg_nano.a(libc_a-signalr.o)
 .ARM.attributes
                0x0000066b       0x34 /home/wzdsch/.local/share/stm32cube/bundles/gnu-tools-for-stm32/13.3.1+st.9/bin/../lib/gcc/arm-none-eabi/13.3.1/../../../../arm-none-eabi/lib/thumb/v7e-m+fp/hard/libg_nano.a(libc_a-errno.o)
 .ARM.attributes
                0x0000069f       0x34 /home/wzdsch/.local/share/stm32cube/bundles/gnu-tools-for-stm32/13.3.1+st.9/bin/../lib/gcc/arm-none-eabi/13.3.1/../../../../arm-none-eabi/lib/thumb/v7e-m+fp/hard/libg_nano.a(libc_a-init.o)
 .ARM.attributes
                0x000006d3       0x34 /home/wzdsch/.local/share/stm32cube/bundles/gnu-tools-for-stm32/13.3.1+st.9/bin/../lib/gcc/arm-none-eabi/13.3.1/../../../../arm-none-eabi/lib/thumb/v7e-m+fp/hard/libg_nano.a(libc_a-memcpy-stub.o)
 .ARM.attributes
                0x00000707       0x22 /home/wzdsch/.local/share/stm32cube/bundles/gnu-tools-for-stm32/13.3.1+st.9/bin/../lib/gcc/arm-none-eabi/13.3.1/thumb/v7e-m+fp/hard/crtn.o

.comment        0x00000000       0x43
 .comment       0x00000000       0x43 cmake/stm32cubemx/CMakeFiles/STM32_Drivers.dir/__/__/Core/Src/system_stm32f4xx.c.obj
                                 0x44 (size before relaxing)
 .comment       0x00000043        0x0 cmake/stm32cubemx/CMakeFiles/STM32_Drivers.dir/__/__/Drivers/STM32F4xx_HAL_Driver/Src/stm32f4xx_hal_can.c.obj
                                 0x44 (size before relaxing)
 .comment       0x00000043        0x0 cmake/stm32cubemx/CMakeFiles/STM32_Drivers.dir/__/__/Drivers/STM32F4xx_HAL_Driver/Src/stm32f4xx_hal_rcc.c.obj
                                 0x44 (size before relaxing)
 .comment       0x00000043        0x0 cmake/stm32cubemx/CMakeFiles/STM32_Drivers.dir/__/__/Drivers/STM32F4xx_HAL_Driver/Src/stm32f4xx_hal_gpio.c.obj
                                 0x44 (size before relaxing)
 .comment       0x00000043        0x0 cmake/stm32cubemx/CMakeFiles/STM32_Drivers.dir/__/__/Drivers/STM32F4xx_HAL_Driver/Src/stm32f4xx_hal_cortex.c.obj
                                 0x44 (size before relaxing)
 .comment       0x00000043        0x0 cmake/stm32cubemx/CMakeFiles/STM32_Drivers.dir/__/__/Drivers/STM32F4xx_HAL_Driver/Src/stm32f4xx_hal.c.obj
                                 0x44 (size before relaxing)
 .comment       0x00000043        0x0 cmake/stm32cubemx/CMakeFiles/STM32_Drivers.dir/__/__/Drivers/STM32F4xx_HAL_Driver/Src/stm32f4xx_hal_tim.c.obj
                                 0x44 (size before relaxing)
 .comment       0x00000043        0x0 cmake/stm32cubemx/CMakeFiles/STM32_Drivers.dir/__/__/Drivers/STM32F4xx_HAL_Driver/Src/stm32f4xx_hal_tim_ex.c.obj
                                 0x44 (size before relaxing)
 .comment       0x00000043        0x0 CMakeFiles/leg.dir/Core/Src/main.c.obj
                                 0x44 (size before relaxing)
 .comment       0x00000043        0x0 CMakeFiles/leg.dir/Core/Src/gpio.c.obj
                                 0x44 (size before relaxing)
 .comment       0x00000043        0x0 CMakeFiles/leg.dir/Core/Src/can.c.obj
                                 0x44 (size before relaxing)
 .comment       0x00000043        0x0 CMakeFiles/leg.dir/Core/Src/tim.c.obj
                                 0x44 (size before relaxing)
 .comment       0x00000043        0x0 CMakeFiles/leg.dir/Core/Src/stm32f4xx_it.c.obj
                                 0x44 (size before relaxing)
 .comment       0x00000043        0x0 CMakeFiles/leg.dir/Core/Src/stm32f4xx_hal_msp.c.obj
                                 0x44 (size before relaxing)
 .comment       0x00000043        0x0 CMakeFiles/leg.dir/Core/Src/syscalls.c.obj
                                 0x44 (size before relaxing)
 .comment       0x00000043        0x0 CMakeFiles/leg.dir/Components/src/usr_main.cpp.obj
                                 0x44 (size before relaxing)
 .comment       0x00000043        0x0 CMakeFiles/leg.dir/Components/src/bsp_can.cpp.obj
                                 0x44 (size before relaxing)
 .comment       0x00000043        0x0 /home/wzdsch/.local/share/stm32cube/bundles/gnu-tools-for-stm32/13.3.1+st.9/bin/../lib/gcc/arm-none-eabi/13.3.1/../../../../arm-none-eabi/lib/thumb/v7e-m+fp/hard/libg_nano.a(libc_a-abort.o)
                                 0x44 (size before relaxing)
 .comment       0x00000043        0x0 /home/wzdsch/.local/share/stm32cube/bundles/gnu-tools-for-stm32/13.3.1+st.9/bin/../lib/gcc/arm-none-eabi/13.3.1/../../../../arm-none-eabi/lib/thumb/v7e-m+fp/hard/libg_nano.a(libc_a-cxa_atexit.o)
                                 0x44 (size before relaxing)
 .comment       0x00000043        0x0 /home/wzdsch/.local/share/stm32cube/bundles/gnu-tools-for-stm32/13.3.1+st.9/bin/../lib/gcc/arm-none-eabi/13.3.1/../../../../arm-none-eabi/lib/thumb/v7e-m+fp/hard/libg_nano.a(libc_a-findfp.o)
                                 0x44 (size before relaxing)
 .comment       0x00000043        0x0 /home/wzdsch/.local/share/stm32cube/bundles/gnu-tools-for-stm32/13.3.1+st.9/bin/../lib/gcc/arm-none-eabi/13.3.1/../../../../arm-none-eabi/lib/thumb/v7e-m+fp/hard/libg_nano.a(libc_a-memset.o)
                                 0x44 (size before relaxing)
 .comment       0x00000043        0x0 /home/wzdsch/.local/share/stm32cube/bundles/gnu-tools-for-stm32/13.3.1+st.9/bin/../lib/gcc/arm-none-eabi/13.3.1/../../../../arm-none-eabi/lib/thumb/v7e-m+fp/hard/libg_nano.a(libc_a-signal.o)
                                 0x44 (size before relaxing)
 .comment       0x00000043        0x0 /home/wzdsch/.local/share/stm32cube/bundles/gnu-tools-for-stm32/13.3.1+st.9/bin/../lib/gcc/arm-none-eabi/13.3.1/../../../../arm-none-eabi/lib/thumb/v7e-m+fp/hard/libg_nano.a(libc_a-reent.o)
                                 0x44 (size before relaxing)
 .comment       0x00000043        0x0 /home/wzdsch/.local/share/stm32cube/bundles/gnu-tools-for-stm32/13.3.1+st.9/bin/../lib/gcc/arm-none-eabi/13.3.1/../../../../arm-none-eabi/lib/thumb/v7e-m+fp/hard/libg_nano.a(libc_a-impure.o)
                                 0x44 (size before relaxing)
 .comment       0x00000043        0x0 /home/wzdsch/.local/share/stm32cube/bundles/gnu-tools-for-stm32/13.3.1+st.9/bin/../lib/gcc/arm-none-eabi/13.3.1/../../../../arm-none-eabi/lib/thumb/v7e-m+fp/hard/libg_nano.a(libc_a-signalr.o)
                                 0x44 (size before relaxing)
 .comment       0x00000043        0x0 /home/wzdsch/.local/share/stm32cube/bundles/gnu-tools-for-stm32/13.3.1+st.9/bin/../lib/gcc/arm-none-eabi/13.3.1/../../../../arm-none-eabi/lib/thumb/v7e-m+fp/hard/libg_nano.a(libc_a-errno.o)
                                 0x44 (size before relaxing)
 .comment       0x00000043        0x0 /home/wzdsch/.local/share/stm32cube/bundles/gnu-tools-for-stm32/13.3.1+st.9/bin/../lib/gcc/arm-none-eabi/13.3.1/../../../../arm-none-eabi/lib/thumb/v7e-m+fp/hard/libg_nano.a(libc_a-init.o)
                                 0x44 (size before relaxing)
 .comment       0x00000043        0x0 /home/wzdsch/.local/share/stm32cube/bundles/gnu-tools-for-stm32/13.3.1+st.9/bin/../lib/gcc/arm-none-eabi/13.3.1/../../../../arm-none-eabi/lib/thumb/v7e-m+fp/hard/libg_nano.a(libc_a-memcpy-stub.o)
                                 0x44 (size before relaxing)

.debug_info     0x00000000    0x13f78
 .debug_info    0x00000000      0x512 cmake/stm32cubemx/CMakeFiles/STM32_Drivers.dir/__/__/Core/Src/system_stm32f4xx.c.obj
 .debug_info    0x00000512      0xf49 cmake/stm32cubemx/CMakeFiles/STM32_Drivers.dir/__/__/Drivers/STM32F4xx_HAL_Driver/Src/stm32f4xx_hal_can.c.obj
 .debug_info    0x0000145b      0x8c3 cmake/stm32cubemx/CMakeFiles/STM32_Drivers.dir/__/__/Drivers/STM32F4xx_HAL_Driver/Src/stm32f4xx_hal_rcc.c.obj
 .debug_info    0x00001d1e      0x6c3 cmake/stm32cubemx/CMakeFiles/STM32_Drivers.dir/__/__/Drivers/STM32F4xx_HAL_Driver/Src/stm32f4xx_hal_gpio.c.obj
 .debug_info    0x000023e1      0xd8c cmake/stm32cubemx/CMakeFiles/STM32_Drivers.dir/__/__/Drivers/STM32F4xx_HAL_Driver/Src/stm32f4xx_hal_cortex.c.obj
 .debug_info    0x0000316d      0x944 cmake/stm32cubemx/CMakeFiles/STM32_Drivers.dir/__/__/Drivers/STM32F4xx_HAL_Driver/Src/stm32f4xx_hal.c.obj
 .debug_info    0x00003ab1     0x299d cmake/stm32cubemx/CMakeFiles/STM32_Drivers.dir/__/__/Drivers/STM32F4xx_HAL_Driver/Src/stm32f4xx_hal_tim.c.obj
 .debug_info    0x0000644e     0x14db cmake/stm32cubemx/CMakeFiles/STM32_Drivers.dir/__/__/Drivers/STM32F4xx_HAL_Driver/Src/stm32f4xx_hal_tim_ex.c.obj
 .debug_info    0x00007929      0x4e9 CMakeFiles/leg.dir/Core/Src/main.c.obj
 .debug_info    0x00007e12      0x2ba CMakeFiles/leg.dir/Core/Src/gpio.c.obj
 .debug_info    0x000080cc      0xb40 CMakeFiles/leg.dir/Core/Src/can.c.obj
 .debug_info    0x00008c0c      0xb5f CMakeFiles/leg.dir/Core/Src/tim.c.obj
 .debug_info    0x0000976b      0xb1b CMakeFiles/leg.dir/Core/Src/stm32f4xx_it.c.obj
 .debug_info    0x0000a286      0x269 CMakeFiles/leg.dir/Core/Src/stm32f4xx_hal_msp.c.obj
 .debug_info    0x0000a4ef      0x6b4 CMakeFiles/leg.dir/Core/Src/syscalls.c.obj
 .debug_info    0x0000aba3       0x30 CMakeFiles/leg.dir/startup_stm32f407xx.s.obj
 .debug_info    0x0000abd3     0x172e CMakeFiles/leg.dir/Components/src/usr_main.cpp.obj
 .debug_info    0x0000c301     0x3e26 CMakeFiles/leg.dir/Components/src/bsp_can.cpp.obj
 .debug_info    0x00010127       0xd8 /home/wzdsch/.local/share/stm32cube/bundles/gnu-tools-for-stm32/13.3.1+st.9/bin/../lib/gcc/arm-none-eabi/13.3.1/../../../../arm-none-eabi/lib/thumb/v7e-m+fp/hard/libg_nano.a(libc_a-abort.o)
 .debug_info    0x000101ff      0x20a /home/wzdsch/.local/share/stm32cube/bundles/gnu-tools-for-stm32/13.3.1+st.9/bin/../lib/gcc/arm-none-eabi/13.3.1/../../../../arm-none-eabi/lib/thumb/v7e-m+fp/hard/libg_nano.a(libc_a-cxa_atexit.o)
 .debug_info    0x00010409      0xfb5 /home/wzdsch/.local/share/stm32cube/bundles/gnu-tools-for-stm32/13.3.1+st.9/bin/../lib/gcc/arm-none-eabi/13.3.1/../../../../arm-none-eabi/lib/thumb/v7e-m+fp/hard/libg_nano.a(libc_a-findfp.o)
 .debug_info    0x000113be       0xe0 /home/wzdsch/.local/share/stm32cube/bundles/gnu-tools-for-stm32/13.3.1+st.9/bin/../lib/gcc/arm-none-eabi/13.3.1/../../../../arm-none-eabi/lib/thumb/v7e-m+fp/hard/libg_nano.a(libc_a-memset.o)
 .debug_info    0x0001149e      0xa13 /home/wzdsch/.local/share/stm32cube/bundles/gnu-tools-for-stm32/13.3.1+st.9/bin/../lib/gcc/arm-none-eabi/13.3.1/../../../../arm-none-eabi/lib/thumb/v7e-m+fp/hard/libg_nano.a(libc_a-signal.o)
 .debug_info    0x00011eb1      0x8a1 /home/wzdsch/.local/share/stm32cube/bundles/gnu-tools-for-stm32/13.3.1+st.9/bin/../lib/gcc/arm-none-eabi/13.3.1/../../../../arm-none-eabi/lib/thumb/v7e-m+fp/hard/libg_nano.a(libc_a-reent.o)
 .debug_info    0x00012752      0x715 /home/wzdsch/.local/share/stm32cube/bundles/gnu-tools-for-stm32/13.3.1+st.9/bin/../lib/gcc/arm-none-eabi/13.3.1/../../../../arm-none-eabi/lib/thumb/v7e-m+fp/hard/libg_nano.a(libc_a-impure.o)
 .debug_info    0x00012e67      0x7ea /home/wzdsch/.local/share/stm32cube/bundles/gnu-tools-for-stm32/13.3.1+st.9/bin/../lib/gcc/arm-none-eabi/13.3.1/../../../../arm-none-eabi/lib/thumb/v7e-m+fp/hard/libg_nano.a(libc_a-signalr.o)
 .debug_info    0x00013651      0x6fb /home/wzdsch/.local/share/stm32cube/bundles/gnu-tools-for-stm32/13.3.1+st.9/bin/../lib/gcc/arm-none-eabi/13.3.1/../../../../arm-none-eabi/lib/thumb/v7e-m+fp/hard/libg_nano.a(libc_a-errno.o)
 .debug_info    0x00013d4c      0x10b /home/wzdsch/.local/share/stm32cube/bundles/gnu-tools-for-stm32/13.3.1+st.9/bin/../lib/gcc/arm-none-eabi/13.3.1/../../../../arm-none-eabi/lib/thumb/v7e-m+fp/hard/libg_nano.a(libc_a-init.o)
 .debug_info    0x00013e57      0x121 /home/wzdsch/.local/share/stm32cube/bundles/gnu-tools-for-stm32/13.3.1+st.9/bin/../lib/gcc/arm-none-eabi/13.3.1/../../../../arm-none-eabi/lib/thumb/v7e-m+fp/hard/libg_nano.a(libc_a-memcpy-stub.o)

.debug_abbrev   0x00000000     0x3e70
 .debug_abbrev  0x00000000      0x11a cmake/stm32cubemx/CMakeFiles/STM32_Drivers.dir/__/__/Core/Src/system_stm32f4xx.c.obj
 .debug_abbrev  0x0000011a      0x258 cmake/stm32cubemx/CMakeFiles/STM32_Drivers.dir/__/__/Drivers/STM32F4xx_HAL_Driver/Src/stm32f4xx_hal_can.c.obj
 .debug_abbrev  0x00000372      0x2b7 cmake/stm32cubemx/CMakeFiles/STM32_Drivers.dir/__/__/Drivers/STM32F4xx_HAL_Driver/Src/stm32f4xx_hal_rcc.c.obj
 .debug_abbrev  0x00000629      0x1d4 cmake/stm32cubemx/CMakeFiles/STM32_Drivers.dir/__/__/Drivers/STM32F4xx_HAL_Driver/Src/stm32f4xx_hal_gpio.c.obj
 .debug_abbrev  0x000007fd      0x31d cmake/stm32cubemx/CMakeFiles/STM32_Drivers.dir/__/__/Drivers/STM32F4xx_HAL_Driver/Src/stm32f4xx_hal_cortex.c.obj
 .debug_abbrev  0x00000b1a      0x214 cmake/stm32cubemx/CMakeFiles/STM32_Drivers.dir/__/__/Drivers/STM32F4xx_HAL_Driver/Src/stm32f4xx_hal.c.obj
 .debug_abbrev  0x00000d2e      0x278 cmake/stm32cubemx/CMakeFiles/STM32_Drivers.dir/__/__/Drivers/STM32F4xx_HAL_Driver/Src/stm32f4xx_hal_tim.c.obj
 .debug_abbrev  0x00000fa6      0x283 cmake/stm32cubemx/CMakeFiles/STM32_Drivers.dir/__/__/Drivers/STM32F4xx_HAL_Driver/Src/stm32f4xx_hal_tim_ex.c.obj
 .debug_abbrev  0x00001229      0x1f8 CMakeFiles/leg.dir/Core/Src/main.c.obj
 .debug_abbrev  0x00001421       0xd8 CMakeFiles/leg.dir/Core/Src/gpio.c.obj
 .debug_abbrev  0x000014f9      0x225 CMakeFiles/leg.dir/Core/Src/can.c.obj
 .debug_abbrev  0x0000171e      0x201 CMakeFiles/leg.dir/Core/Src/tim.c.obj
 .debug_abbrev  0x0000191f      0x1f4 CMakeFiles/leg.dir/Core/Src/stm32f4xx_it.c.obj
 .debug_abbrev  0x00001b13       0xd8 CMakeFiles/leg.dir/Core/Src/stm32f4xx_hal_msp.c.obj
 .debug_abbrev  0x00001beb      0x1bc CMakeFiles/leg.dir/Core/Src/syscalls.c.obj
 .debug_abbrev  0x00001da7       0x24 CMakeFiles/leg.dir/startup_stm32f407xx.s.obj
 .debug_abbrev  0x00001dcb      0x614 CMakeFiles/leg.dir/Components/src/usr_main.cpp.obj
 .debug_abbrev  0x000023df      0x96c CMakeFiles/leg.dir/Components/src/bsp_can.cpp.obj
 .debug_abbrev  0x00002d4b       0x99 /home/wzdsch/.local/share/stm32cube/bundles/gnu-tools-for-stm32/13.3.1+st.9/bin/../lib/gcc/arm-none-eabi/13.3.1/../../../../arm-none-eabi/lib/thumb/v7e-m+fp/hard/libg_nano.a(libc_a-abort.o)
 .debug_abbrev  0x00002de4      0x157 /home/wzdsch/.local/share/stm32cube/bundles/gnu-tools-for-stm32/13.3.1+st.9/bin/../lib/gcc/arm-none-eabi/13.3.1/../../../../arm-none-eabi/lib/thumb/v7e-m+fp/hard/libg_nano.a(libc_a-cxa_atexit.o)
 .debug_abbrev  0x00002f3b      0x424 /home/wzdsch/.local/share/stm32cube/bundles/gnu-tools-for-stm32/13.3.1+st.9/bin/../lib/gcc/arm-none-eabi/13.3.1/../../../../arm-none-eabi/lib/thumb/v7e-m+fp/hard/libg_nano.a(libc_a-findfp.o)
 .debug_abbrev  0x0000335f       0x9e /home/wzdsch/.local/share/stm32cube/bundles/gnu-tools-for-stm32/13.3.1+st.9/bin/../lib/gcc/arm-none-eabi/13.3.1/../../../../arm-none-eabi/lib/thumb/v7e-m+fp/hard/libg_nano.a(libc_a-memset.o)
 .debug_abbrev  0x000033fd      0x24e /home/wzdsch/.local/share/stm32cube/bundles/gnu-tools-for-stm32/13.3.1+st.9/bin/../lib/gcc/arm-none-eabi/13.3.1/../../../../arm-none-eabi/lib/thumb/v7e-m+fp/hard/libg_nano.a(libc_a-signal.o)
 .debug_abbrev  0x0000364b      0x1f7 /home/wzdsch/.local/share/stm32cube/bundles/gnu-tools-for-stm32/13.3.1+st.9/bin/../lib/gcc/arm-none-eabi/13.3.1/../../../../arm-none-eabi/lib/thumb/v7e-m+fp/hard/libg_nano.a(libc_a-reent.o)
 .debug_abbrev  0x00003842      0x149 /home/wzdsch/.local/share/stm32cube/bundles/gnu-tools-for-stm32/13.3.1+st.9/bin/../lib/gcc/arm-none-eabi/13.3.1/../../../../arm-none-eabi/lib/thumb/v7e-m+fp/hard/libg_nano.a(libc_a-impure.o)
 .debug_abbrev  0x0000398b      0x1fd /home/wzdsch/.local/share/stm32cube/bundles/gnu-tools-for-stm32/13.3.1+st.9/bin/../lib/gcc/arm-none-eabi/13.3.1/../../../../arm-none-eabi/lib/thumb/v7e-m+fp/hard/libg_nano.a(libc_a-signalr.o)
 .debug_abbrev  0x00003b88      0x15e /home/wzdsch/.local/share/stm32cube/bundles/gnu-tools-for-stm32/13.3.1+st.9/bin/../lib/gcc/arm-none-eabi/13.3.1/../../../../arm-none-eabi/lib/thumb/v7e-m+fp/hard/libg_nano.a(libc_a-errno.o)
 .debug_abbrev  0x00003ce6       0xc9 /home/wzdsch/.local/share/stm32cube/bundles/gnu-tools-for-stm32/13.3.1+st.9/bin/../lib/gcc/arm-none-eabi/13.3.1/../../../../arm-none-eabi/lib/thumb/v7e-m+fp/hard/libg_nano.a(libc_a-init.o)
 .debug_abbrev  0x00003daf       0xc1 /home/wzdsch/.local/share/stm32cube/bundles/gnu-tools-for-stm32/13.3.1+st.9/bin/../lib/gcc/arm-none-eabi/13.3.1/../../../../arm-none-eabi/lib/thumb/v7e-m+fp/hard/libg_nano.a(libc_a-memcpy-stub.o)

.debug_aranges  0x00000000      0xfa8
 .debug_aranges
                0x00000000       0x28 cmake/stm32cubemx/CMakeFiles/STM32_Drivers.dir/__/__/Core/Src/system_stm32f4xx.c.obj
 .debug_aranges
                0x00000028      0x138 cmake/stm32cubemx/CMakeFiles/STM32_Drivers.dir/__/__/Drivers/STM32F4xx_HAL_Driver/Src/stm32f4xx_hal_can.c.obj
 .debug_aranges
                0x00000160       0x88 cmake/stm32cubemx/CMakeFiles/STM32_Drivers.dir/__/__/Drivers/STM32F4xx_HAL_Driver/Src/stm32f4xx_hal_rcc.c.obj
 .debug_aranges
                0x000001e8       0x58 cmake/stm32cubemx/CMakeFiles/STM32_Drivers.dir/__/__/Drivers/STM32F4xx_HAL_Driver/Src/stm32f4xx_hal_gpio.c.obj
 .debug_aranges
                0x00000240      0x130 cmake/stm32cubemx/CMakeFiles/STM32_Drivers.dir/__/__/Drivers/STM32F4xx_HAL_Driver/Src/stm32f4xx_hal_cortex.c.obj
 .debug_aranges
                0x00000370       0xf0 cmake/stm32cubemx/CMakeFiles/STM32_Drivers.dir/__/__/Drivers/STM32F4xx_HAL_Driver/Src/stm32f4xx_hal.c.obj
 .debug_aranges
                0x00000460      0x3d0 cmake/stm32cubemx/CMakeFiles/STM32_Drivers.dir/__/__/Drivers/STM32F4xx_HAL_Driver/Src/stm32f4xx_hal_tim.c.obj
 .debug_aranges
                0x00000830      0x168 cmake/stm32cubemx/CMakeFiles/STM32_Drivers.dir/__/__/Drivers/STM32F4xx_HAL_Driver/Src/stm32f4xx_hal_tim_ex.c.obj
 .debug_aranges
                0x00000998       0x30 CMakeFiles/leg.dir/Core/Src/main.c.obj
 .debug_aranges
                0x000009c8       0x20 CMakeFiles/leg.dir/Core/Src/gpio.c.obj
 .debug_aranges
                0x000009e8       0x38 CMakeFiles/leg.dir/Core/Src/can.c.obj
 .debug_aranges
                0x00000a20       0x38 CMakeFiles/leg.dir/Core/Src/tim.c.obj
 .debug_aranges
                0x00000a58       0x90 CMakeFiles/leg.dir/Core/Src/stm32f4xx_it.c.obj
 .debug_aranges
                0x00000ae8       0x20 CMakeFiles/leg.dir/Core/Src/stm32f4xx_hal_msp.c.obj
 .debug_aranges
                0x00000b08       0xa8 CMakeFiles/leg.dir/Core/Src/syscalls.c.obj
 .debug_aranges
                0x00000bb0       0x28 CMakeFiles/leg.dir/startup_stm32f407xx.s.obj
 .debug_aranges
                0x00000bd8       0x58 CMakeFiles/leg.dir/Components/src/usr_main.cpp.obj
 .debug_aranges
                0x00000c30      0x188 CMakeFiles/leg.dir/Components/src/bsp_can.cpp.obj
 .debug_aranges
                0x00000db8       0x20 /home/wzdsch/.local/share/stm32cube/bundles/gnu-tools-for-stm32/13.3.1+st.9/bin/../lib/gcc/arm-none-eabi/13.3.1/../../../../arm-none-eabi/lib/thumb/v7e-m+fp/hard/libg_nano.a(libc_a-abort.o)
 .debug_aranges
                0x00000dd8       0x20 /home/wzdsch/.local/share/stm32cube/bundles/gnu-tools-for-stm32/13.3.1+st.9/bin/../lib/gcc/arm-none-eabi/13.3.1/../../../../arm-none-eabi/lib/thumb/v7e-m+fp/hard/libg_nano.a(libc_a-cxa_atexit.o)
 .debug_aranges
                0x00000df8       0x78 /home/wzdsch/.local/share/stm32cube/bundles/gnu-tools-for-stm32/13.3.1+st.9/bin/../lib/gcc/arm-none-eabi/13.3.1/../../../../arm-none-eabi/lib/thumb/v7e-m+fp/hard/libg_nano.a(libc_a-findfp.o)
 .debug_aranges
                0x00000e70       0x20 /home/wzdsch/.local/share/stm32cube/bundles/gnu-tools-for-stm32/13.3.1+st.9/bin/../lib/gcc/arm-none-eabi/13.3.1/../../../../arm-none-eabi/lib/thumb/v7e-m+fp/hard/libg_nano.a(libc_a-memset.o)
 .debug_aranges
                0x00000e90       0x58 /home/wzdsch/.local/share/stm32cube/bundles/gnu-tools-for-stm32/13.3.1+st.9/bin/../lib/gcc/arm-none-eabi/13.3.1/../../../../arm-none-eabi/lib/thumb/v7e-m+fp/hard/libg_nano.a(libc_a-signal.o)
 .debug_aranges
                0x00000ee8       0x20 /home/wzdsch/.local/share/stm32cube/bundles/gnu-tools-for-stm32/13.3.1+st.9/bin/../lib/gcc/arm-none-eabi/13.3.1/../../../../arm-none-eabi/lib/thumb/v7e-m+fp/hard/libg_nano.a(libc_a-reent.o)
 .debug_aranges
                0x00000f08       0x18 /home/wzdsch/.local/share/stm32cube/bundles/gnu-tools-for-stm32/13.3.1+st.9/bin/../lib/gcc/arm-none-eabi/13.3.1/../../../../arm-none-eabi/lib/thumb/v7e-m+fp/hard/libg_nano.a(libc_a-impure.o)
 .debug_aranges
                0x00000f20       0x28 /home/wzdsch/.local/share/stm32cube/bundles/gnu-tools-for-stm32/13.3.1+st.9/bin/../lib/gcc/arm-none-eabi/13.3.1/../../../../arm-none-eabi/lib/thumb/v7e-m+fp/hard/libg_nano.a(libc_a-signalr.o)
 .debug_aranges
                0x00000f48       0x20 /home/wzdsch/.local/share/stm32cube/bundles/gnu-tools-for-stm32/13.3.1+st.9/bin/../lib/gcc/arm-none-eabi/13.3.1/../../../../arm-none-eabi/lib/thumb/v7e-m+fp/hard/libg_nano.a(libc_a-errno.o)
 .debug_aranges
                0x00000f68       0x20 /home/wzdsch/.local/share/stm32cube/bundles/gnu-tools-for-stm32/13.3.1+st.9/bin/../lib/gcc/arm-none-eabi/13.3.1/../../../../arm-none-eabi/lib/thumb/v7e-m+fp/hard/libg_nano.a(libc_a-init.o)
 .debug_aranges
                0x00000f88       0x20 /home/wzdsch/.local/share/stm32cube/bundles/gnu-tools-for-stm32/13.3.1+st.9/bin/../lib/gcc/arm-none-eabi/13.3.1/../../../../arm-none-eabi/lib/thumb/v7e-m+fp/hard/libg_nano.a(libc_a-memcpy-stub.o)

.debug_rnglists
                0x00000000      0xbf5
 .debug_rnglists
                0x00000000       0x1a cmake/stm32cubemx/CMakeFiles/STM32_Drivers.dir/__/__/Core/Src/system_stm32f4xx.c.obj
 .debug_rnglists
                0x0000001a       0xee cmake/stm32cubemx/CMakeFiles/STM32_Drivers.dir/__/__/Drivers/STM32F4xx_HAL_Driver/Src/stm32f4xx_hal_can.c.obj
 .debug_rnglists
                0x00000108       0x66 cmake/stm32cubemx/CMakeFiles/STM32_Drivers.dir/__/__/Drivers/STM32F4xx_HAL_Driver/Src/stm32f4xx_hal_rcc.c.obj
 .debug_rnglists
                0x0000016e       0x3f cmake/stm32cubemx/CMakeFiles/STM32_Drivers.dir/__/__/Drivers/STM32F4xx_HAL_Driver/Src/stm32f4xx_hal_gpio.c.obj
 .debug_rnglists
                0x000001ad       0xe0 cmake/stm32cubemx/CMakeFiles/STM32_Drivers.dir/__/__/Drivers/STM32F4xx_HAL_Driver/Src/stm32f4xx_hal_cortex.c.obj
 .debug_rnglists
                0x0000028d       0xaf cmake/stm32cubemx/CMakeFiles/STM32_Drivers.dir/__/__/Drivers/STM32F4xx_HAL_Driver/Src/stm32f4xx_hal.c.obj
 .debug_rnglists
                0x0000033c      0x31a cmake/stm32cubemx/CMakeFiles/STM32_Drivers.dir/__/__/Drivers/STM32F4xx_HAL_Driver/Src/stm32f4xx_hal_tim.c.obj
 .debug_rnglists
                0x00000656      0x125 cmake/stm32cubemx/CMakeFiles/STM32_Drivers.dir/__/__/Drivers/STM32F4xx_HAL_Driver/Src/stm32f4xx_hal_tim_ex.c.obj
 .debug_rnglists
                0x0000077b       0x20 CMakeFiles/leg.dir/Core/Src/main.c.obj
 .debug_rnglists
                0x0000079b       0x14 CMakeFiles/leg.dir/Core/Src/gpio.c.obj
 .debug_rnglists
                0x000007af       0x27 CMakeFiles/leg.dir/Core/Src/can.c.obj
 .debug_rnglists
                0x000007d6       0x26 CMakeFiles/leg.dir/Core/Src/tim.c.obj
 .debug_rnglists
                0x000007fc       0x67 CMakeFiles/leg.dir/Core/Src/stm32f4xx_it.c.obj
 .debug_rnglists
                0x00000863       0x13 CMakeFiles/leg.dir/Core/Src/stm32f4xx_hal_msp.c.obj
 .debug_rnglists
                0x00000876       0x79 CMakeFiles/leg.dir/Core/Src/syscalls.c.obj
 .debug_rnglists
                0x000008ef       0x19 CMakeFiles/leg.dir/startup_stm32f407xx.s.obj
 .debug_rnglists
                0x00000908       0x3d CMakeFiles/leg.dir/Components/src/usr_main.cpp.obj
 .debug_rnglists
                0x00000945      0x142 CMakeFiles/leg.dir/Components/src/bsp_can.cpp.obj
 .debug_rnglists
                0x00000a87       0x13 /home/wzdsch/.local/share/stm32cube/bundles/gnu-tools-for-stm32/13.3.1+st.9/bin/../lib/gcc/arm-none-eabi/13.3.1/../../../../arm-none-eabi/lib/thumb/v7e-m+fp/hard/libg_nano.a(libc_a-abort.o)
 .debug_rnglists
                0x00000a9a       0x13 /home/wzdsch/.local/share/stm32cube/bundles/gnu-tools-for-stm32/13.3.1+st.9/bin/../lib/gcc/arm-none-eabi/13.3.1/../../../../arm-none-eabi/lib/thumb/v7e-m+fp/hard/libg_nano.a(libc_a-cxa_atexit.o)
 .debug_rnglists
                0x00000aad       0x7a /home/wzdsch/.local/share/stm32cube/bundles/gnu-tools-for-stm32/13.3.1+st.9/bin/../lib/gcc/arm-none-eabi/13.3.1/../../../../arm-none-eabi/lib/thumb/v7e-m+fp/hard/libg_nano.a(libc_a-findfp.o)
 .debug_rnglists
                0x00000b27       0x13 /home/wzdsch/.local/share/stm32cube/bundles/gnu-tools-for-stm32/13.3.1+st.9/bin/../lib/gcc/arm-none-eabi/13.3.1/../../../../arm-none-eabi/lib/thumb/v7e-m+fp/hard/libg_nano.a(libc_a-memset.o)
 .debug_rnglists
                0x00000b3a       0x3d /home/wzdsch/.local/share/stm32cube/bundles/gnu-tools-for-stm32/13.3.1+st.9/bin/../lib/gcc/arm-none-eabi/13.3.1/../../../../arm-none-eabi/lib/thumb/v7e-m+fp/hard/libg_nano.a(libc_a-signal.o)
 .debug_rnglists
                0x00000b77       0x2c /home/wzdsch/.local/share/stm32cube/bundles/gnu-tools-for-stm32/13.3.1+st.9/bin/../lib/gcc/arm-none-eabi/13.3.1/../../../../arm-none-eabi/lib/thumb/v7e-m+fp/hard/libg_nano.a(libc_a-reent.o)
 .debug_rnglists
                0x00000ba3       0x19 /home/wzdsch/.local/share/stm32cube/bundles/gnu-tools-for-stm32/13.3.1+st.9/bin/../lib/gcc/arm-none-eabi/13.3.1/../../../../arm-none-eabi/lib/thumb/v7e-m+fp/hard/libg_nano.a(libc_a-signalr.o)
 .debug_rnglists
                0x00000bbc       0x13 /home/wzdsch/.local/share/stm32cube/bundles/gnu-tools-for-stm32/13.3.1+st.9/bin/../lib/gcc/arm-none-eabi/13.3.1/../../../../arm-none-eabi/lib/thumb/v7e-m+fp/hard/libg_nano.a(libc_a-errno.o)
 .debug_rnglists
                0x00000bcf       0x13 /home/wzdsch/.local/share/stm32cube/bundles/gnu-tools-for-stm32/13.3.1+st.9/bin/../lib/gcc/arm-none-eabi/13.3.1/../../../../arm-none-eabi/lib/thumb/v7e-m+fp/hard/libg_nano.a(libc_a-init.o)
 .debug_rnglists
                0x00000be2       0x13 /home/wzdsch/.local/share/stm32cube/bundles/gnu-tools-for-stm32/13.3.1+st.9/bin/../lib/gcc/arm-none-eabi/13.3.1/../../../../arm-none-eabi/lib/thumb/v7e-m+fp/hard/libg_nano.a(libc_a-memcpy-stub.o)

.debug_macro    0x00000000    0x259b1
 .debug_macro   0x00000000      0x1ce cmake/stm32cubemx/CMakeFiles/STM32_Drivers.dir/__/__/Core/Src/system_stm32f4xx.c.obj
 .debug_macro   0x000001ce      0xad8 cmake/stm32cubemx/CMakeFiles/STM32_Drivers.dir/__/__/Core/Src/system_stm32f4xx.c.obj
 .debug_macro   0x00000ca6       0x2e cmake/stm32cubemx/CMakeFiles/STM32_Drivers.dir/__/__/Core/Src/system_stm32f4xx.c.obj
 .debug_macro   0x00000cd4       0x2f cmake/stm32cubemx/CMakeFiles/STM32_Drivers.dir/__/__/Core/Src/system_stm32f4xx.c.obj
 .debug_macro   0x00000d03       0x22 cmake/stm32cubemx/CMakeFiles/STM32_Drivers.dir/__/__/Core/Src/system_stm32f4xx.c.obj
 .debug_macro   0x00000d25       0x8e cmake/stm32cubemx/CMakeFiles/STM32_Drivers.dir/__/__/Core/Src/system_stm32f4xx.c.obj
 .debug_macro   0x00000db3       0x51 cmake/stm32cubemx/CMakeFiles/STM32_Drivers.dir/__/__/Core/Src/system_stm32f4xx.c.obj
 .debug_macro   0x00000e04      0x103 cmake/stm32cubemx/CMakeFiles/STM32_Drivers.dir/__/__/Core/Src/system_stm32f4xx.c.obj
 .debug_macro   0x00000f07       0x6a cmake/stm32cubemx/CMakeFiles/STM32_Drivers.dir/__/__/Core/Src/system_stm32f4xx.c.obj
 .debug_macro   0x00000f71      0x1df cmake/stm32cubemx/CMakeFiles/STM32_Drivers.dir/__/__/Core/Src/system_stm32f4xx.c.obj
 .debug_macro   0x00001150       0x1c cmake/stm32cubemx/CMakeFiles/STM32_Drivers.dir/__/__/Core/Src/system_stm32f4xx.c.obj
 .debug_macro   0x0000116c       0x22 cmake/stm32cubemx/CMakeFiles/STM32_Drivers.dir/__/__/Core/Src/system_stm32f4xx.c.obj
 .debug_macro   0x0000118e       0xfb cmake/stm32cubemx/CMakeFiles/STM32_Drivers.dir/__/__/Core/Src/system_stm32f4xx.c.obj
 .debug_macro   0x00001289     0x1011 cmake/stm32cubemx/CMakeFiles/STM32_Drivers.dir/__/__/Core/Src/system_stm32f4xx.c.obj
 .debug_macro   0x0000229a      0x11f cmake/stm32cubemx/CMakeFiles/STM32_Drivers.dir/__/__/Core/Src/system_stm32f4xx.c.obj
 .debug_macro   0x000023b9    0x15ea5 cmake/stm32cubemx/CMakeFiles/STM32_Drivers.dir/__/__/Core/Src/system_stm32f4xx.c.obj
 .debug_macro   0x0001825e       0x6d cmake/stm32cubemx/CMakeFiles/STM32_Drivers.dir/__/__/Core/Src/system_stm32f4xx.c.obj
 .debug_macro   0x000182cb      0x29b cmake/stm32cubemx/CMakeFiles/STM32_Drivers.dir/__/__/Core/Src/system_stm32f4xx.c.obj
 .debug_macro   0x00018566     0x3693 cmake/stm32cubemx/CMakeFiles/STM32_Drivers.dir/__/__/Core/Src/system_stm32f4xx.c.obj
 .debug_macro   0x0001bbf9      0x190 cmake/stm32cubemx/CMakeFiles/STM32_Drivers.dir/__/__/Core/Src/system_stm32f4xx.c.obj
 .debug_macro   0x0001bd89       0x5c cmake/stm32cubemx/CMakeFiles/STM32_Drivers.dir/__/__/Core/Src/system_stm32f4xx.c.obj
 .debug_macro   0x0001bde5      0x980 cmake/stm32cubemx/CMakeFiles/STM32_Drivers.dir/__/__/Core/Src/system_stm32f4xx.c.obj
 .debug_macro   0x0001c765      0x9e9 cmake/stm32cubemx/CMakeFiles/STM32_Drivers.dir/__/__/Core/Src/system_stm32f4xx.c.obj
 .debug_macro   0x0001d14e      0x115 cmake/stm32cubemx/CMakeFiles/STM32_Drivers.dir/__/__/Core/Src/system_stm32f4xx.c.obj
 .debug_macro   0x0001d263      0x13e cmake/stm32cubemx/CMakeFiles/STM32_Drivers.dir/__/__/Core/Src/system_stm32f4xx.c.obj
 .debug_macro   0x0001d3a1       0xa5 cmake/stm32cubemx/CMakeFiles/STM32_Drivers.dir/__/__/Core/Src/system_stm32f4xx.c.obj
 .debug_macro   0x0001d446      0x174 cmake/stm32cubemx/CMakeFiles/STM32_Drivers.dir/__/__/Core/Src/system_stm32f4xx.c.obj
 .debug_macro   0x0001d5ba      0x287 cmake/stm32cubemx/CMakeFiles/STM32_Drivers.dir/__/__/Core/Src/system_stm32f4xx.c.obj
 .debug_macro   0x0001d841       0x5f cmake/stm32cubemx/CMakeFiles/STM32_Drivers.dir/__/__/Core/Src/system_stm32f4xx.c.obj
 .debug_macro   0x0001d8a0      0x236 cmake/stm32cubemx/CMakeFiles/STM32_Drivers.dir/__/__/Core/Src/system_stm32f4xx.c.obj
 .debug_macro   0x0001dad6      0x40f cmake/stm32cubemx/CMakeFiles/STM32_Drivers.dir/__/__/Core/Src/system_stm32f4xx.c.obj
 .debug_macro   0x0001dee5      0x12c cmake/stm32cubemx/CMakeFiles/STM32_Drivers.dir/__/__/Core/Src/system_stm32f4xx.c.obj
 .debug_macro   0x0001e011      0x21e cmake/stm32cubemx/CMakeFiles/STM32_Drivers.dir/__/__/Core/Src/system_stm32f4xx.c.obj
 .debug_macro   0x0001e22f       0x2e cmake/stm32cubemx/CMakeFiles/STM32_Drivers.dir/__/__/Core/Src/system_stm32f4xx.c.obj
 .debug_macro   0x0001e25d      0x127 cmake/stm32cubemx/CMakeFiles/STM32_Drivers.dir/__/__/Core/Src/system_stm32f4xx.c.obj
 .debug_macro   0x0001e384       0x7e cmake/stm32cubemx/CMakeFiles/STM32_Drivers.dir/__/__/Core/Src/system_stm32f4xx.c.obj
 .debug_macro   0x0001e402       0x89 cmake/stm32cubemx/CMakeFiles/STM32_Drivers.dir/__/__/Core/Src/system_stm32f4xx.c.obj
 .debug_macro   0x0001e48b      0x8ed cmake/stm32cubemx/CMakeFiles/STM32_Drivers.dir/__/__/Core/Src/system_stm32f4xx.c.obj
 .debug_macro   0x0001ed78       0x4d cmake/stm32cubemx/CMakeFiles/STM32_Drivers.dir/__/__/Core/Src/system_stm32f4xx.c.obj
 .debug_macro   0x0001edc5      0x12d cmake/stm32cubemx/CMakeFiles/STM32_Drivers.dir/__/__/Core/Src/system_stm32f4xx.c.obj
 .debug_macro   0x0001eef2      0x1dd cmake/stm32cubemx/CMakeFiles/STM32_Drivers.dir/__/__/Drivers/STM32F4xx_HAL_Driver/Src/stm32f4xx_hal_can.c.obj
 .debug_macro   0x0001f0cf      0x1f2 cmake/stm32cubemx/CMakeFiles/STM32_Drivers.dir/__/__/Drivers/STM32F4xx_HAL_Driver/Src/stm32f4xx_hal_rcc.c.obj
 .debug_macro   0x0001f2c1      0x1d4 cmake/stm32cubemx/CMakeFiles/STM32_Drivers.dir/__/__/Drivers/STM32F4xx_HAL_Driver/Src/stm32f4xx_hal_gpio.c.obj
 .debug_macro   0x0001f495      0x1ce cmake/stm32cubemx/CMakeFiles/STM32_Drivers.dir/__/__/Drivers/STM32F4xx_HAL_Driver/Src/stm32f4xx_hal_cortex.c.obj
 .debug_macro   0x0001f663      0x22e cmake/stm32cubemx/CMakeFiles/STM32_Drivers.dir/__/__/Drivers/STM32F4xx_HAL_Driver/Src/stm32f4xx_hal.c.obj
 .debug_macro   0x0001f891      0x1cf cmake/stm32cubemx/CMakeFiles/STM32_Drivers.dir/__/__/Drivers/STM32F4xx_HAL_Driver/Src/stm32f4xx_hal_tim.c.obj
 .debug_macro   0x0001fa60      0x1ce cmake/stm32cubemx/CMakeFiles/STM32_Drivers.dir/__/__/Drivers/STM32F4xx_HAL_Driver/Src/stm32f4xx_hal_tim_ex.c.obj
 .debug_macro   0x0001fc2e      0x204 CMakeFiles/leg.dir/Core/Src/main.c.obj
 .debug_macro   0x0001fe32      0x1e2 CMakeFiles/leg.dir/Core/Src/gpio.c.obj
 .debug_macro   0x00020014      0x1e2 CMakeFiles/leg.dir/Core/Src/can.c.obj
 .debug_macro   0x000201f6      0x1e2 CMakeFiles/leg.dir/Core/Src/tim.c.obj
 .debug_macro   0x000203d8      0x1e2 CMakeFiles/leg.dir/Core/Src/stm32f4xx_it.c.obj
 .debug_macro   0x000205ba      0x1d8 CMakeFiles/leg.dir/Core/Src/stm32f4xx_hal_msp.c.obj
 .debug_macro   0x00020792      0x265 CMakeFiles/leg.dir/Core/Src/syscalls.c.obj
 .debug_macro   0x000209f7       0x10 CMakeFiles/leg.dir/Core/Src/syscalls.c.obj
 .debug_macro   0x00020a07       0x3c CMakeFiles/leg.dir/Core/Src/syscalls.c.obj
 .debug_macro   0x00020a43       0x10 CMakeFiles/leg.dir/Core/Src/syscalls.c.obj
 .debug_macro   0x00020a53       0x10 CMakeFiles/leg.dir/Core/Src/syscalls.c.obj
 .debug_macro   0x00020a63       0x10 CMakeFiles/leg.dir/Core/Src/syscalls.c.obj
 .debug_macro   0x00020a73       0x1c CMakeFiles/leg.dir/Core/Src/syscalls.c.obj
 .debug_macro   0x00020a8f       0x52 CMakeFiles/leg.dir/Core/Src/syscalls.c.obj
 .debug_macro   0x00020ae1       0x22 CMakeFiles/leg.dir/Core/Src/syscalls.c.obj
 .debug_macro   0x00020b03       0x10 CMakeFiles/leg.dir/Core/Src/syscalls.c.obj
 .debug_macro   0x00020b13       0x52 CMakeFiles/leg.dir/Core/Src/syscalls.c.obj
 .debug_macro   0x00020b65       0xcf CMakeFiles/leg.dir/Core/Src/syscalls.c.obj
 .debug_macro   0x00020c34       0x1c CMakeFiles/leg.dir/Core/Src/syscalls.c.obj
 .debug_macro   0x00020c50       0x3d CMakeFiles/leg.dir/Core/Src/syscalls.c.obj
 .debug_macro   0x00020c8d       0x35 CMakeFiles/leg.dir/Core/Src/syscalls.c.obj
 .debug_macro   0x00020cc2      0x12c CMakeFiles/leg.dir/Core/Src/syscalls.c.obj
 .debug_macro   0x00020dee       0x16 CMakeFiles/leg.dir/Core/Src/syscalls.c.obj
 .debug_macro   0x00020e04       0x16 CMakeFiles/leg.dir/Core/Src/syscalls.c.obj
 .debug_macro   0x00020e1a       0x29 CMakeFiles/leg.dir/Core/Src/syscalls.c.obj
 .debug_macro   0x00020e43      0x242 CMakeFiles/leg.dir/Core/Src/syscalls.c.obj
 .debug_macro   0x00021085       0x1c CMakeFiles/leg.dir/Core/Src/syscalls.c.obj
 .debug_macro   0x000210a1       0x10 CMakeFiles/leg.dir/Core/Src/syscalls.c.obj
 .debug_macro   0x000210b1       0x10 CMakeFiles/leg.dir/Core/Src/syscalls.c.obj
 .debug_macro   0x000210c1       0x16 CMakeFiles/leg.dir/Core/Src/syscalls.c.obj
 .debug_macro   0x000210d7      0x170 CMakeFiles/leg.dir/Core/Src/syscalls.c.obj
 .debug_macro   0x00021247      0x18a CMakeFiles/leg.dir/Core/Src/syscalls.c.obj
 .debug_macro   0x000213d1       0x16 CMakeFiles/leg.dir/Core/Src/syscalls.c.obj
 .debug_macro   0x000213e7       0xce CMakeFiles/leg.dir/Core/Src/syscalls.c.obj
 .debug_macro   0x000214b5      0x5df CMakeFiles/leg.dir/Components/src/usr_main.cpp.obj
 .debug_macro   0x00021a94      0xc1c CMakeFiles/leg.dir/Components/src/usr_main.cpp.obj
 .debug_macro   0x000226b0       0x1c CMakeFiles/leg.dir/Components/src/usr_main.cpp.obj
 .debug_macro   0x000226cc     0x1011 CMakeFiles/leg.dir/Components/src/usr_main.cpp.obj
 .debug_macro   0x000236dd      0x197 CMakeFiles/leg.dir/Components/src/usr_main.cpp.obj
 .debug_macro   0x00023874      0x1f2 CMakeFiles/leg.dir/Components/src/usr_main.cpp.obj
 .debug_macro   0x00023a66       0x10 CMakeFiles/leg.dir/Components/src/usr_main.cpp.obj
 .debug_macro   0x00023a76       0xc8 CMakeFiles/leg.dir/Components/src/usr_main.cpp.obj
 .debug_macro   0x00023b3e      0x103 CMakeFiles/leg.dir/Components/src/usr_main.cpp.obj
 .debug_macro   0x00023c41      0x368 CMakeFiles/leg.dir/Components/src/usr_main.cpp.obj
 .debug_macro   0x00023fa9       0x1c CMakeFiles/leg.dir/Components/src/usr_main.cpp.obj
 .debug_macro   0x00023fc5       0x18 CMakeFiles/leg.dir/Components/src/usr_main.cpp.obj
 .debug_macro   0x00023fdd       0x4f CMakeFiles/leg.dir/Components/src/usr_main.cpp.obj
 .debug_macro   0x0002402c       0x6a CMakeFiles/leg.dir/Components/src/usr_main.cpp.obj
 .debug_macro   0x00024096       0x25 CMakeFiles/leg.dir/Components/src/usr_main.cpp.obj
 .debug_macro   0x000240bb       0x18 CMakeFiles/leg.dir/Components/src/usr_main.cpp.obj
 .debug_macro   0x000240d3       0x27 CMakeFiles/leg.dir/Components/src/usr_main.cpp.obj
 .debug_macro   0x000240fa       0x28 CMakeFiles/leg.dir/Components/src/usr_main.cpp.obj
 .debug_macro   0x00024122       0x2e CMakeFiles/leg.dir/Components/src/usr_main.cpp.obj
 .debug_macro   0x00024150       0x1f CMakeFiles/leg.dir/Components/src/usr_main.cpp.obj
 .debug_macro   0x0002416f       0x88 CMakeFiles/leg.dir/Components/src/usr_main.cpp.obj
 .debug_macro   0x000241f7       0x19 CMakeFiles/leg.dir/Components/src/usr_main.cpp.obj
 .debug_macro   0x00024210       0x12 CMakeFiles/leg.dir/Components/src/usr_main.cpp.obj
 .debug_macro   0x00024222       0x2c CMakeFiles/leg.dir/Components/src/usr_main.cpp.obj
 .debug_macro   0x0002424e       0x11 CMakeFiles/leg.dir/Components/src/usr_main.cpp.obj
 .debug_macro   0x0002425f       0x10 CMakeFiles/leg.dir/Components/src/usr_main.cpp.obj
 .debug_macro   0x0002426f       0x18 CMakeFiles/leg.dir/Components/src/usr_main.cpp.obj
 .debug_macro   0x00024287       0x27 CMakeFiles/leg.dir/Components/src/usr_main.cpp.obj
 .debug_macro   0x000242ae       0x10 CMakeFiles/leg.dir/Components/src/usr_main.cpp.obj
 .debug_macro   0x000242be       0x11 CMakeFiles/leg.dir/Components/src/usr_main.cpp.obj
 .debug_macro   0x000242cf       0x11 CMakeFiles/leg.dir/Components/src/usr_main.cpp.obj
 .debug_macro   0x000242e0       0x1c CMakeFiles/leg.dir/Components/src/usr_main.cpp.obj
 .debug_macro   0x000242fc       0x11 CMakeFiles/leg.dir/Components/src/usr_main.cpp.obj
 .debug_macro   0x0002430d       0x26 CMakeFiles/leg.dir/Components/src/usr_main.cpp.obj
 .debug_macro   0x00024333       0x28 CMakeFiles/leg.dir/Components/src/usr_main.cpp.obj
 .debug_macro   0x0002435b       0x1f CMakeFiles/leg.dir/Components/src/usr_main.cpp.obj
 .debug_macro   0x0002437a       0x10 CMakeFiles/leg.dir/Components/src/usr_main.cpp.obj
 .debug_macro   0x0002438a       0x10 CMakeFiles/leg.dir/Components/src/usr_main.cpp.obj
 .debug_macro   0x0002439a       0x10 CMakeFiles/leg.dir/Components/src/usr_main.cpp.obj
 .debug_macro   0x000243aa       0x74 CMakeFiles/leg.dir/Components/src/usr_main.cpp.obj
 .debug_macro   0x0002441e       0x34 CMakeFiles/leg.dir/Components/src/usr_main.cpp.obj
 .debug_macro   0x00024452       0x3c CMakeFiles/leg.dir/Components/src/usr_main.cpp.obj
 .debug_macro   0x0002448e      0x38c CMakeFiles/leg.dir/Components/src/usr_main.cpp.obj
 .debug_macro   0x0002481a       0x4a CMakeFiles/leg.dir/Components/src/usr_main.cpp.obj
 .debug_macro   0x00024864       0x1c CMakeFiles/leg.dir/Components/src/usr_main.cpp.obj
 .debug_macro   0x00024880       0xde CMakeFiles/leg.dir/Components/src/usr_main.cpp.obj
 .debug_macro   0x0002495e       0x12 CMakeFiles/leg.dir/Components/src/usr_main.cpp.obj
 .debug_macro   0x00024970       0x50 CMakeFiles/leg.dir/Components/src/usr_main.cpp.obj
 .debug_macro   0x000249c0      0x894 CMakeFiles/leg.dir/Components/src/bsp_can.cpp.obj
 .debug_macro   0x00025254       0x16 CMakeFiles/leg.dir/Components/src/bsp_can.cpp.obj
 .debug_macro   0x0002526a       0x20 CMakeFiles/leg.dir/Components/src/bsp_can.cpp.obj
 .debug_macro   0x0002528a       0x8e CMakeFiles/leg.dir/Components/src/bsp_can.cpp.obj
 .debug_macro   0x00025318       0x22 CMakeFiles/leg.dir/Components/src/bsp_can.cpp.obj
 .debug_macro   0x0002533a       0x43 CMakeFiles/leg.dir/Components/src/bsp_can.cpp.obj
 .debug_macro   0x0002537d       0x3f CMakeFiles/leg.dir/Components/src/bsp_can.cpp.obj
 .debug_macro   0x000253bc      0x173 CMakeFiles/leg.dir/Components/src/bsp_can.cpp.obj
 .debug_macro   0x0002552f       0x10 CMakeFiles/leg.dir/Components/src/bsp_can.cpp.obj
 .debug_macro   0x0002553f       0x5e CMakeFiles/leg.dir/Components/src/bsp_can.cpp.obj